Archive member included to satisfy reference by file (symbol)

/usr/lib/gcc/arm-none-eabi/6.3.1/../../../arm-none-eabi/lib/thumb/v7-m/libc_nano.a(lib_a-atexit.o)
                              /usr/lib/gcc/arm-none-eabi/6.3.1/../../../arm-none-eabi/lib/thumb/v7-m/crt0.o (atexit)
/usr/lib/gcc/arm-none-eabi/6.3.1/../../../arm-none-eabi/lib/thumb/v7-m/libc_nano.a(lib_a-exit.o)
                              /usr/lib/gcc/arm-none-eabi/6.3.1/../../../arm-none-eabi/lib/thumb/v7-m/crt0.o (exit)
/usr/lib/gcc/arm-none-eabi/6.3.1/../../../arm-none-eabi/lib/thumb/v7-m/libc_nano.a(lib_a-fini.o)
                              /usr/lib/gcc/arm-none-eabi/6.3.1/../../../arm-none-eabi/lib/thumb/v7-m/crt0.o (__libc_fini_array)
/usr/lib/gcc/arm-none-eabi/6.3.1/../../../arm-none-eabi/lib/thumb/v7-m/libc_nano.a(lib_a-impure.o)
                              /usr/lib/gcc/arm-none-eabi/6.3.1/../../../arm-none-eabi/lib/thumb/v7-m/libc_nano.a(lib_a-exit.o) (_global_impure_ptr)
/usr/lib/gcc/arm-none-eabi/6.3.1/../../../arm-none-eabi/lib/thumb/v7-m/libc_nano.a(lib_a-init.o)
                              /usr/lib/gcc/arm-none-eabi/6.3.1/../../../arm-none-eabi/lib/thumb/v7-m/crt0.o (__libc_init_array)
/usr/lib/gcc/arm-none-eabi/6.3.1/../../../arm-none-eabi/lib/thumb/v7-m/libc_nano.a(lib_a-memset.o)
                              /usr/lib/gcc/arm-none-eabi/6.3.1/../../../arm-none-eabi/lib/thumb/v7-m/crt0.o (memset)
/usr/lib/gcc/arm-none-eabi/6.3.1/../../../arm-none-eabi/lib/thumb/v7-m/libc_nano.a(lib_a-__atexit.o)
                              /usr/lib/gcc/arm-none-eabi/6.3.1/../../../arm-none-eabi/lib/thumb/v7-m/libc_nano.a(lib_a-atexit.o) (__register_exitproc)
/usr/lib/gcc/arm-none-eabi/6.3.1/../../../arm-none-eabi/lib/thumb/v7-m/libc_nano.a(lib_a-__call_atexit.o)
                              /usr/lib/gcc/arm-none-eabi/6.3.1/../../../arm-none-eabi/lib/thumb/v7-m/libc_nano.a(lib_a-__atexit.o) (__call_exitprocs)
/usr/lib/gcc/arm-none-eabi/6.3.1/../../../arm-none-eabi/lib/thumb/v7-m/libnosys.a(_exit.o)
                              /usr/lib/gcc/arm-none-eabi/6.3.1/../../../arm-none-eabi/lib/thumb/v7-m/libc_nano.a(lib_a-exit.o) (_exit)

Allocating common symbols
Common symbol       size              file

HSEStartUpStatus    0x1               CMakeFiles/stm32f1-printf.exe.dir/main.c.obj
GPIO_InitStructure  0x4               CMakeFiles/stm32f1-printf.exe.dir/main.c.obj

Discarded input sections

 .text          0x0000000000000000        0x0 /usr/lib/gcc/arm-none-eabi/6.3.1/thumb/v7-m/crti.o
 .data          0x0000000000000000        0x0 /usr/lib/gcc/arm-none-eabi/6.3.1/thumb/v7-m/crti.o
 .bss           0x0000000000000000        0x0 /usr/lib/gcc/arm-none-eabi/6.3.1/thumb/v7-m/crti.o
 .text          0x0000000000000000       0xa4 /usr/lib/gcc/arm-none-eabi/6.3.1/thumb/v7-m/crtbegin.o
 .data          0x0000000000000000        0x4 /usr/lib/gcc/arm-none-eabi/6.3.1/thumb/v7-m/crtbegin.o
 .bss           0x0000000000000000       0x1c /usr/lib/gcc/arm-none-eabi/6.3.1/thumb/v7-m/crtbegin.o
 .init_array    0x0000000000000000        0x4 /usr/lib/gcc/arm-none-eabi/6.3.1/thumb/v7-m/crtbegin.o
 .fini_array    0x0000000000000000        0x4 /usr/lib/gcc/arm-none-eabi/6.3.1/thumb/v7-m/crtbegin.o
 .eh_frame      0x0000000000000000        0x0 /usr/lib/gcc/arm-none-eabi/6.3.1/thumb/v7-m/crtbegin.o
 .jcr           0x0000000000000000        0x0 /usr/lib/gcc/arm-none-eabi/6.3.1/thumb/v7-m/crtbegin.o
 .tm_clone_table
                0x0000000000000000        0x0 /usr/lib/gcc/arm-none-eabi/6.3.1/thumb/v7-m/crtbegin.o
 .comment       0x0000000000000000       0x32 /usr/lib/gcc/arm-none-eabi/6.3.1/thumb/v7-m/crtbegin.o
 .ARM.attributes
                0x0000000000000000       0x2d /usr/lib/gcc/arm-none-eabi/6.3.1/thumb/v7-m/crtbegin.o
 .text          0x0000000000000000       0x68 /usr/lib/gcc/arm-none-eabi/6.3.1/../../../arm-none-eabi/lib/thumb/v7-m/crt0.o
 .data          0x0000000000000000        0x0 /usr/lib/gcc/arm-none-eabi/6.3.1/../../../arm-none-eabi/lib/thumb/v7-m/crt0.o
 .bss           0x0000000000000000        0x0 /usr/lib/gcc/arm-none-eabi/6.3.1/../../../arm-none-eabi/lib/thumb/v7-m/crt0.o
 .ARM.extab     0x0000000000000000        0x0 /usr/lib/gcc/arm-none-eabi/6.3.1/../../../arm-none-eabi/lib/thumb/v7-m/crt0.o
 .ARM.exidx     0x0000000000000000        0x8 /usr/lib/gcc/arm-none-eabi/6.3.1/../../../arm-none-eabi/lib/thumb/v7-m/crt0.o
 .debug_line    0x0000000000000000       0x7e /usr/lib/gcc/arm-none-eabi/6.3.1/../../../arm-none-eabi/lib/thumb/v7-m/crt0.o
 .debug_info    0x0000000000000000       0xa3 /usr/lib/gcc/arm-none-eabi/6.3.1/../../../arm-none-eabi/lib/thumb/v7-m/crt0.o
 .debug_abbrev  0x0000000000000000       0x14 /usr/lib/gcc/arm-none-eabi/6.3.1/../../../arm-none-eabi/lib/thumb/v7-m/crt0.o
 .debug_aranges
                0x0000000000000000       0x20 /usr/lib/gcc/arm-none-eabi/6.3.1/../../../arm-none-eabi/lib/thumb/v7-m/crt0.o
 .ARM.attributes
                0x0000000000000000       0x1b /usr/lib/gcc/arm-none-eabi/6.3.1/../../../arm-none-eabi/lib/thumb/v7-m/crt0.o
 .text          0x0000000000000000        0xc /usr/lib/gcc/arm-none-eabi/6.3.1/../../../arm-none-eabi/lib/thumb/v7-m/libc_nano.a(lib_a-atexit.o)
 .data          0x0000000000000000        0x0 /usr/lib/gcc/arm-none-eabi/6.3.1/../../../arm-none-eabi/lib/thumb/v7-m/libc_nano.a(lib_a-atexit.o)
 .bss           0x0000000000000000        0x0 /usr/lib/gcc/arm-none-eabi/6.3.1/../../../arm-none-eabi/lib/thumb/v7-m/libc_nano.a(lib_a-atexit.o)
 .debug_info    0x0000000000000000      0x902 /usr/lib/gcc/arm-none-eabi/6.3.1/../../../arm-none-eabi/lib/thumb/v7-m/libc_nano.a(lib_a-atexit.o)
 .debug_abbrev  0x0000000000000000      0x1c0 /usr/lib/gcc/arm-none-eabi/6.3.1/../../../arm-none-eabi/lib/thumb/v7-m/libc_nano.a(lib_a-atexit.o)
 .debug_loc     0x0000000000000000       0x2c /usr/lib/gcc/arm-none-eabi/6.3.1/../../../arm-none-eabi/lib/thumb/v7-m/libc_nano.a(lib_a-atexit.o)
 .debug_aranges
                0x0000000000000000       0x20 /usr/lib/gcc/arm-none-eabi/6.3.1/../../../arm-none-eabi/lib/thumb/v7-m/libc_nano.a(lib_a-atexit.o)
 .debug_line    0x0000000000000000      0x151 /usr/lib/gcc/arm-none-eabi/6.3.1/../../../arm-none-eabi/lib/thumb/v7-m/libc_nano.a(lib_a-atexit.o)
 .debug_str     0x0000000000000000      0x5f1 /usr/lib/gcc/arm-none-eabi/6.3.1/../../../arm-none-eabi/lib/thumb/v7-m/libc_nano.a(lib_a-atexit.o)
 .comment       0x0000000000000000       0x32 /usr/lib/gcc/arm-none-eabi/6.3.1/../../../arm-none-eabi/lib/thumb/v7-m/libc_nano.a(lib_a-atexit.o)
 .debug_frame   0x0000000000000000       0x20 /usr/lib/gcc/arm-none-eabi/6.3.1/../../../arm-none-eabi/lib/thumb/v7-m/libc_nano.a(lib_a-atexit.o)
 .ARM.attributes
                0x0000000000000000       0x2d /usr/lib/gcc/arm-none-eabi/6.3.1/../../../arm-none-eabi/lib/thumb/v7-m/libc_nano.a(lib_a-atexit.o)
 .text          0x0000000000000000       0x28 /usr/lib/gcc/arm-none-eabi/6.3.1/../../../arm-none-eabi/lib/thumb/v7-m/libc_nano.a(lib_a-exit.o)
 .data          0x0000000000000000        0x0 /usr/lib/gcc/arm-none-eabi/6.3.1/../../../arm-none-eabi/lib/thumb/v7-m/libc_nano.a(lib_a-exit.o)
 .bss           0x0000000000000000        0x0 /usr/lib/gcc/arm-none-eabi/6.3.1/../../../arm-none-eabi/lib/thumb/v7-m/libc_nano.a(lib_a-exit.o)
 .debug_info    0x0000000000000000      0x94e /usr/lib/gcc/arm-none-eabi/6.3.1/../../../arm-none-eabi/lib/thumb/v7-m/libc_nano.a(lib_a-exit.o)
 .debug_abbrev  0x0000000000000000      0x1c4 /usr/lib/gcc/arm-none-eabi/6.3.1/../../../arm-none-eabi/lib/thumb/v7-m/libc_nano.a(lib_a-exit.o)
 .debug_loc     0x0000000000000000       0x1e /usr/lib/gcc/arm-none-eabi/6.3.1/../../../arm-none-eabi/lib/thumb/v7-m/libc_nano.a(lib_a-exit.o)
 .debug_aranges
                0x0000000000000000       0x20 /usr/lib/gcc/arm-none-eabi/6.3.1/../../../arm-none-eabi/lib/thumb/v7-m/libc_nano.a(lib_a-exit.o)
 .debug_line    0x0000000000000000      0x155 /usr/lib/gcc/arm-none-eabi/6.3.1/../../../arm-none-eabi/lib/thumb/v7-m/libc_nano.a(lib_a-exit.o)
 .debug_str     0x0000000000000000      0x5f2 /usr/lib/gcc/arm-none-eabi/6.3.1/../../../arm-none-eabi/lib/thumb/v7-m/libc_nano.a(lib_a-exit.o)
 .comment       0x0000000000000000       0x32 /usr/lib/gcc/arm-none-eabi/6.3.1/../../../arm-none-eabi/lib/thumb/v7-m/libc_nano.a(lib_a-exit.o)
 .debug_frame   0x0000000000000000       0x28 /usr/lib/gcc/arm-none-eabi/6.3.1/../../../arm-none-eabi/lib/thumb/v7-m/libc_nano.a(lib_a-exit.o)
 .ARM.attributes
                0x0000000000000000       0x2d /usr/lib/gcc/arm-none-eabi/6.3.1/../../../arm-none-eabi/lib/thumb/v7-m/libc_nano.a(lib_a-exit.o)
 .text          0x0000000000000000       0x34 /usr/lib/gcc/arm-none-eabi/6.3.1/../../../arm-none-eabi/lib/thumb/v7-m/libc_nano.a(lib_a-fini.o)
 .data          0x0000000000000000        0x0 /usr/lib/gcc/arm-none-eabi/6.3.1/../../../arm-none-eabi/lib/thumb/v7-m/libc_nano.a(lib_a-fini.o)
 .bss           0x0000000000000000        0x0 /usr/lib/gcc/arm-none-eabi/6.3.1/../../../arm-none-eabi/lib/thumb/v7-m/libc_nano.a(lib_a-fini.o)
 .debug_info    0x0000000000000000       0xfa /usr/lib/gcc/arm-none-eabi/6.3.1/../../../arm-none-eabi/lib/thumb/v7-m/libc_nano.a(lib_a-fini.o)
 .debug_abbrev  0x0000000000000000       0xbd /usr/lib/gcc/arm-none-eabi/6.3.1/../../../arm-none-eabi/lib/thumb/v7-m/libc_nano.a(lib_a-fini.o)
 .debug_loc     0x0000000000000000       0x5c /usr/lib/gcc/arm-none-eabi/6.3.1/../../../arm-none-eabi/lib/thumb/v7-m/libc_nano.a(lib_a-fini.o)
 .debug_aranges
                0x0000000000000000       0x20 /usr/lib/gcc/arm-none-eabi/6.3.1/../../../arm-none-eabi/lib/thumb/v7-m/libc_nano.a(lib_a-fini.o)
 .debug_line    0x0000000000000000       0x9f /usr/lib/gcc/arm-none-eabi/6.3.1/../../../arm-none-eabi/lib/thumb/v7-m/libc_nano.a(lib_a-fini.o)
 .debug_str     0x0000000000000000      0x1cd /usr/lib/gcc/arm-none-eabi/6.3.1/../../../arm-none-eabi/lib/thumb/v7-m/libc_nano.a(lib_a-fini.o)
 .comment       0x0000000000000000       0x32 /usr/lib/gcc/arm-none-eabi/6.3.1/../../../arm-none-eabi/lib/thumb/v7-m/libc_nano.a(lib_a-fini.o)
 .debug_frame   0x0000000000000000       0x34 /usr/lib/gcc/arm-none-eabi/6.3.1/../../../arm-none-eabi/lib/thumb/v7-m/libc_nano.a(lib_a-fini.o)
 .ARM.attributes
                0x0000000000000000       0x2d /usr/lib/gcc/arm-none-eabi/6.3.1/../../../arm-none-eabi/lib/thumb/v7-m/libc_nano.a(lib_a-fini.o)
 .text          0x0000000000000000        0x0 /usr/lib/gcc/arm-none-eabi/6.3.1/../../../arm-none-eabi/lib/thumb/v7-m/libc_nano.a(lib_a-impure.o)
 .data          0x0000000000000000       0x64 /usr/lib/gcc/arm-none-eabi/6.3.1/../../../arm-none-eabi/lib/thumb/v7-m/libc_nano.a(lib_a-impure.o)
 .bss           0x0000000000000000        0x0 /usr/lib/gcc/arm-none-eabi/6.3.1/../../../arm-none-eabi/lib/thumb/v7-m/libc_nano.a(lib_a-impure.o)
 .rodata        0x0000000000000000        0x4 /usr/lib/gcc/arm-none-eabi/6.3.1/../../../arm-none-eabi/lib/thumb/v7-m/libc_nano.a(lib_a-impure.o)
 .rodata.str1.4
                0x0000000000000000        0x2 /usr/lib/gcc/arm-none-eabi/6.3.1/../../../arm-none-eabi/lib/thumb/v7-m/libc_nano.a(lib_a-impure.o)
 .debug_info    0x0000000000000000      0x8a0 /usr/lib/gcc/arm-none-eabi/6.3.1/../../../arm-none-eabi/lib/thumb/v7-m/libc_nano.a(lib_a-impure.o)
 .debug_abbrev  0x0000000000000000      0x153 /usr/lib/gcc/arm-none-eabi/6.3.1/../../../arm-none-eabi/lib/thumb/v7-m/libc_nano.a(lib_a-impure.o)
 .debug_aranges
                0x0000000000000000       0x18 /usr/lib/gcc/arm-none-eabi/6.3.1/../../../arm-none-eabi/lib/thumb/v7-m/libc_nano.a(lib_a-impure.o)
 .debug_line    0x0000000000000000       0xe9 /usr/lib/gcc/arm-none-eabi/6.3.1/../../../arm-none-eabi/lib/thumb/v7-m/libc_nano.a(lib_a-impure.o)
 .debug_str     0x0000000000000000      0x5a6 /usr/lib/gcc/arm-none-eabi/6.3.1/../../../arm-none-eabi/lib/thumb/v7-m/libc_nano.a(lib_a-impure.o)
 .comment       0x0000000000000000       0x32 /usr/lib/gcc/arm-none-eabi/6.3.1/../../../arm-none-eabi/lib/thumb/v7-m/libc_nano.a(lib_a-impure.o)
 .ARM.attributes
                0x0000000000000000       0x2d /usr/lib/gcc/arm-none-eabi/6.3.1/../../../arm-none-eabi/lib/thumb/v7-m/libc_nano.a(lib_a-impure.o)
 .text          0x0000000000000000       0x50 /usr/lib/gcc/arm-none-eabi/6.3.1/../../../arm-none-eabi/lib/thumb/v7-m/libc_nano.a(lib_a-init.o)
 .data          0x0000000000000000        0x0 /usr/lib/gcc/arm-none-eabi/6.3.1/../../../arm-none-eabi/lib/thumb/v7-m/libc_nano.a(lib_a-init.o)
 .bss           0x0000000000000000        0x0 /usr/lib/gcc/arm-none-eabi/6.3.1/../../../arm-none-eabi/lib/thumb/v7-m/libc_nano.a(lib_a-init.o)
 .debug_info    0x0000000000000000      0x110 /usr/lib/gcc/arm-none-eabi/6.3.1/../../../arm-none-eabi/lib/thumb/v7-m/libc_nano.a(lib_a-init.o)
 .debug_abbrev  0x0000000000000000       0xba /usr/lib/gcc/arm-none-eabi/6.3.1/../../../arm-none-eabi/lib/thumb/v7-m/libc_nano.a(lib_a-init.o)
 .debug_loc     0x0000000000000000       0xae /usr/lib/gcc/arm-none-eabi/6.3.1/../../../arm-none-eabi/lib/thumb/v7-m/libc_nano.a(lib_a-init.o)
 .debug_aranges
                0x0000000000000000       0x20 /usr/lib/gcc/arm-none-eabi/6.3.1/../../../arm-none-eabi/lib/thumb/v7-m/libc_nano.a(lib_a-init.o)
 .debug_line    0x0000000000000000       0xb9 /usr/lib/gcc/arm-none-eabi/6.3.1/../../../arm-none-eabi/lib/thumb/v7-m/libc_nano.a(lib_a-init.o)
 .debug_str     0x0000000000000000      0x1f7 /usr/lib/gcc/arm-none-eabi/6.3.1/../../../arm-none-eabi/lib/thumb/v7-m/libc_nano.a(lib_a-init.o)
 .comment       0x0000000000000000       0x32 /usr/lib/gcc/arm-none-eabi/6.3.1/../../../arm-none-eabi/lib/thumb/v7-m/libc_nano.a(lib_a-init.o)
 .debug_frame   0x0000000000000000       0x2c /usr/lib/gcc/arm-none-eabi/6.3.1/../../../arm-none-eabi/lib/thumb/v7-m/libc_nano.a(lib_a-init.o)
 .ARM.attributes
                0x0000000000000000       0x2d /usr/lib/gcc/arm-none-eabi/6.3.1/../../../arm-none-eabi/lib/thumb/v7-m/libc_nano.a(lib_a-init.o)
 .text          0x0000000000000000       0x9c /usr/lib/gcc/arm-none-eabi/6.3.1/../../../arm-none-eabi/lib/thumb/v7-m/libc_nano.a(lib_a-memset.o)
 .data          0x0000000000000000        0x0 /usr/lib/gcc/arm-none-eabi/6.3.1/../../../arm-none-eabi/lib/thumb/v7-m/libc_nano.a(lib_a-memset.o)
 .bss           0x0000000000000000        0x0 /usr/lib/gcc/arm-none-eabi/6.3.1/../../../arm-none-eabi/lib/thumb/v7-m/libc_nano.a(lib_a-memset.o)
 .debug_info    0x0000000000000000      0x916 /usr/lib/gcc/arm-none-eabi/6.3.1/../../../arm-none-eabi/lib/thumb/v7-m/libc_nano.a(lib_a-memset.o)
 .debug_abbrev  0x0000000000000000      0x197 /usr/lib/gcc/arm-none-eabi/6.3.1/../../../arm-none-eabi/lib/thumb/v7-m/libc_nano.a(lib_a-memset.o)
 .debug_loc     0x0000000000000000      0x1bd /usr/lib/gcc/arm-none-eabi/6.3.1/../../../arm-none-eabi/lib/thumb/v7-m/libc_nano.a(lib_a-memset.o)
 .debug_aranges
                0x0000000000000000       0x20 /usr/lib/gcc/arm-none-eabi/6.3.1/../../../arm-none-eabi/lib/thumb/v7-m/libc_nano.a(lib_a-memset.o)
 .debug_line    0x0000000000000000      0x176 /usr/lib/gcc/arm-none-eabi/6.3.1/../../../arm-none-eabi/lib/thumb/v7-m/libc_nano.a(lib_a-memset.o)
 .debug_str     0x0000000000000000      0x5be /usr/lib/gcc/arm-none-eabi/6.3.1/../../../arm-none-eabi/lib/thumb/v7-m/libc_nano.a(lib_a-memset.o)
 .comment       0x0000000000000000       0x32 /usr/lib/gcc/arm-none-eabi/6.3.1/../../../arm-none-eabi/lib/thumb/v7-m/libc_nano.a(lib_a-memset.o)
 .debug_frame   0x0000000000000000       0x34 /usr/lib/gcc/arm-none-eabi/6.3.1/../../../arm-none-eabi/lib/thumb/v7-m/libc_nano.a(lib_a-memset.o)
 .ARM.attributes
                0x0000000000000000       0x2d /usr/lib/gcc/arm-none-eabi/6.3.1/../../../arm-none-eabi/lib/thumb/v7-m/libc_nano.a(lib_a-memset.o)
 .text          0x0000000000000000       0xd8 /usr/lib/gcc/arm-none-eabi/6.3.1/../../../arm-none-eabi/lib/thumb/v7-m/libc_nano.a(lib_a-__atexit.o)
 .data          0x0000000000000000        0x4 /usr/lib/gcc/arm-none-eabi/6.3.1/../../../arm-none-eabi/lib/thumb/v7-m/libc_nano.a(lib_a-__atexit.o)
 .bss           0x0000000000000000       0x8c /usr/lib/gcc/arm-none-eabi/6.3.1/../../../arm-none-eabi/lib/thumb/v7-m/libc_nano.a(lib_a-__atexit.o)
 .debug_info    0x0000000000000000      0x99c /usr/lib/gcc/arm-none-eabi/6.3.1/../../../arm-none-eabi/lib/thumb/v7-m/libc_nano.a(lib_a-__atexit.o)
 .debug_abbrev  0x0000000000000000      0x225 /usr/lib/gcc/arm-none-eabi/6.3.1/../../../arm-none-eabi/lib/thumb/v7-m/libc_nano.a(lib_a-__atexit.o)
 .debug_loc     0x0000000000000000      0x1e6 /usr/lib/gcc/arm-none-eabi/6.3.1/../../../arm-none-eabi/lib/thumb/v7-m/libc_nano.a(lib_a-__atexit.o)
 .debug_aranges
                0x0000000000000000       0x20 /usr/lib/gcc/arm-none-eabi/6.3.1/../../../arm-none-eabi/lib/thumb/v7-m/libc_nano.a(lib_a-__atexit.o)
 .debug_ranges  0x0000000000000000       0x18 /usr/lib/gcc/arm-none-eabi/6.3.1/../../../arm-none-eabi/lib/thumb/v7-m/libc_nano.a(lib_a-__atexit.o)
 .debug_line    0x0000000000000000      0x1a1 /usr/lib/gcc/arm-none-eabi/6.3.1/../../../arm-none-eabi/lib/thumb/v7-m/libc_nano.a(lib_a-__atexit.o)
 .debug_str     0x0000000000000000      0x639 /usr/lib/gcc/arm-none-eabi/6.3.1/../../../arm-none-eabi/lib/thumb/v7-m/libc_nano.a(lib_a-__atexit.o)
 .comment       0x0000000000000000       0x32 /usr/lib/gcc/arm-none-eabi/6.3.1/../../../arm-none-eabi/lib/thumb/v7-m/libc_nano.a(lib_a-__atexit.o)
 .debug_frame   0x0000000000000000       0x34 /usr/lib/gcc/arm-none-eabi/6.3.1/../../../arm-none-eabi/lib/thumb/v7-m/libc_nano.a(lib_a-__atexit.o)
 .ARM.attributes
                0x0000000000000000       0x2d /usr/lib/gcc/arm-none-eabi/6.3.1/../../../arm-none-eabi/lib/thumb/v7-m/libc_nano.a(lib_a-__atexit.o)
 .text          0x0000000000000000       0xf4 /usr/lib/gcc/arm-none-eabi/6.3.1/../../../arm-none-eabi/lib/thumb/v7-m/libc_nano.a(lib_a-__call_atexit.o)
 .data          0x0000000000000000        0x0 /usr/lib/gcc/arm-none-eabi/6.3.1/../../../arm-none-eabi/lib/thumb/v7-m/libc_nano.a(lib_a-__call_atexit.o)
 .bss           0x0000000000000000        0x4 /usr/lib/gcc/arm-none-eabi/6.3.1/../../../arm-none-eabi/lib/thumb/v7-m/libc_nano.a(lib_a-__call_atexit.o)
 .debug_info    0x0000000000000000      0x98a /usr/lib/gcc/arm-none-eabi/6.3.1/../../../arm-none-eabi/lib/thumb/v7-m/libc_nano.a(lib_a-__call_atexit.o)
 .debug_abbrev  0x0000000000000000      0x210 /usr/lib/gcc/arm-none-eabi/6.3.1/../../../arm-none-eabi/lib/thumb/v7-m/libc_nano.a(lib_a-__call_atexit.o)
 .debug_loc     0x0000000000000000      0x173 /usr/lib/gcc/arm-none-eabi/6.3.1/../../../arm-none-eabi/lib/thumb/v7-m/libc_nano.a(lib_a-__call_atexit.o)
 .debug_aranges
                0x0000000000000000       0x20 /usr/lib/gcc/arm-none-eabi/6.3.1/../../../arm-none-eabi/lib/thumb/v7-m/libc_nano.a(lib_a-__call_atexit.o)
 .debug_ranges  0x0000000000000000       0x20 /usr/lib/gcc/arm-none-eabi/6.3.1/../../../arm-none-eabi/lib/thumb/v7-m/libc_nano.a(lib_a-__call_atexit.o)
 .debug_line    0x0000000000000000      0x1c3 /usr/lib/gcc/arm-none-eabi/6.3.1/../../../arm-none-eabi/lib/thumb/v7-m/libc_nano.a(lib_a-__call_atexit.o)
 .debug_str     0x0000000000000000      0x5e9 /usr/lib/gcc/arm-none-eabi/6.3.1/../../../arm-none-eabi/lib/thumb/v7-m/libc_nano.a(lib_a-__call_atexit.o)
 .comment       0x0000000000000000       0x32 /usr/lib/gcc/arm-none-eabi/6.3.1/../../../arm-none-eabi/lib/thumb/v7-m/libc_nano.a(lib_a-__call_atexit.o)
 .debug_frame   0x0000000000000000       0x40 /usr/lib/gcc/arm-none-eabi/6.3.1/../../../arm-none-eabi/lib/thumb/v7-m/libc_nano.a(lib_a-__call_atexit.o)
 .ARM.attributes
                0x0000000000000000       0x2d /usr/lib/gcc/arm-none-eabi/6.3.1/../../../arm-none-eabi/lib/thumb/v7-m/libc_nano.a(lib_a-__call_atexit.o)
 .text          0x0000000000000000        0x4 /usr/lib/gcc/arm-none-eabi/6.3.1/../../../arm-none-eabi/lib/thumb/v7-m/libnosys.a(_exit.o)
 .data          0x0000000000000000        0x0 /usr/lib/gcc/arm-none-eabi/6.3.1/../../../arm-none-eabi/lib/thumb/v7-m/libnosys.a(_exit.o)
 .bss           0x0000000000000000        0x0 /usr/lib/gcc/arm-none-eabi/6.3.1/../../../arm-none-eabi/lib/thumb/v7-m/libnosys.a(_exit.o)
 .debug_info    0x0000000000000000       0x9a /usr/lib/gcc/arm-none-eabi/6.3.1/../../../arm-none-eabi/lib/thumb/v7-m/libnosys.a(_exit.o)
 .debug_abbrev  0x0000000000000000       0x61 /usr/lib/gcc/arm-none-eabi/6.3.1/../../../arm-none-eabi/lib/thumb/v7-m/libnosys.a(_exit.o)
 .debug_aranges
                0x0000000000000000       0x20 /usr/lib/gcc/arm-none-eabi/6.3.1/../../../arm-none-eabi/lib/thumb/v7-m/libnosys.a(_exit.o)
 .debug_line    0x0000000000000000       0x5b /usr/lib/gcc/arm-none-eabi/6.3.1/../../../arm-none-eabi/lib/thumb/v7-m/libnosys.a(_exit.o)
 .debug_str     0x0000000000000000      0x15e /usr/lib/gcc/arm-none-eabi/6.3.1/../../../arm-none-eabi/lib/thumb/v7-m/libnosys.a(_exit.o)
 .comment       0x0000000000000000       0x32 /usr/lib/gcc/arm-none-eabi/6.3.1/../../../arm-none-eabi/lib/thumb/v7-m/libnosys.a(_exit.o)
 .debug_frame   0x0000000000000000       0x20 /usr/lib/gcc/arm-none-eabi/6.3.1/../../../arm-none-eabi/lib/thumb/v7-m/libnosys.a(_exit.o)
 .ARM.attributes
                0x0000000000000000       0x2d /usr/lib/gcc/arm-none-eabi/6.3.1/../../../arm-none-eabi/lib/thumb/v7-m/libnosys.a(_exit.o)
 .text          0x0000000000000000      0x9d4 CMakeFiles/stm32f1-printf.exe.dir/lib/src/stm32f10x_adc.c.obj
 .data          0x0000000000000000        0x0 CMakeFiles/stm32f1-printf.exe.dir/lib/src/stm32f10x_adc.c.obj
 .bss           0x0000000000000000        0x0 CMakeFiles/stm32f1-printf.exe.dir/lib/src/stm32f10x_adc.c.obj
 .debug_info    0x0000000000000000      0xae0 CMakeFiles/stm32f1-printf.exe.dir/lib/src/stm32f10x_adc.c.obj
 .debug_abbrev  0x0000000000000000      0x151 CMakeFiles/stm32f1-printf.exe.dir/lib/src/stm32f10x_adc.c.obj
 .debug_aranges
                0x0000000000000000       0x20 CMakeFiles/stm32f1-printf.exe.dir/lib/src/stm32f10x_adc.c.obj
 .debug_line    0x0000000000000000      0x265 CMakeFiles/stm32f1-printf.exe.dir/lib/src/stm32f10x_adc.c.obj
 .debug_str     0x0000000000000000      0x64b CMakeFiles/stm32f1-printf.exe.dir/lib/src/stm32f10x_adc.c.obj
 .comment       0x0000000000000000       0x32 CMakeFiles/stm32f1-printf.exe.dir/lib/src/stm32f10x_adc.c.obj
 .debug_frame   0x0000000000000000      0x5a4 CMakeFiles/stm32f1-printf.exe.dir/lib/src/stm32f10x_adc.c.obj
 .ARM.attributes
                0x0000000000000000       0x33 CMakeFiles/stm32f1-printf.exe.dir/lib/src/stm32f10x_adc.c.obj
 .text          0x0000000000000000      0x1a4 CMakeFiles/stm32f1-printf.exe.dir/lib/src/stm32f10x_bkp.c.obj
 .data          0x0000000000000000        0x0 CMakeFiles/stm32f1-printf.exe.dir/lib/src/stm32f10x_bkp.c.obj
 .bss           0x0000000000000000        0x0 CMakeFiles/stm32f1-printf.exe.dir/lib/src/stm32f10x_bkp.c.obj
 .debug_info    0x0000000000000000      0x3c5 CMakeFiles/stm32f1-printf.exe.dir/lib/src/stm32f10x_bkp.c.obj
 .debug_abbrev  0x0000000000000000      0x140 CMakeFiles/stm32f1-printf.exe.dir/lib/src/stm32f10x_bkp.c.obj
 .debug_aranges
                0x0000000000000000       0x20 CMakeFiles/stm32f1-printf.exe.dir/lib/src/stm32f10x_bkp.c.obj
 .debug_line    0x0000000000000000      0x121 CMakeFiles/stm32f1-printf.exe.dir/lib/src/stm32f10x_bkp.c.obj
 .debug_str     0x0000000000000000      0x30a CMakeFiles/stm32f1-printf.exe.dir/lib/src/stm32f10x_bkp.c.obj
 .comment       0x0000000000000000       0x32 CMakeFiles/stm32f1-printf.exe.dir/lib/src/stm32f10x_bkp.c.obj
 .debug_frame   0x0000000000000000      0x1c4 CMakeFiles/stm32f1-printf.exe.dir/lib/src/stm32f10x_bkp.c.obj
 .ARM.attributes
                0x0000000000000000       0x33 CMakeFiles/stm32f1-printf.exe.dir/lib/src/stm32f10x_bkp.c.obj
 .text          0x0000000000000000      0xb5c CMakeFiles/stm32f1-printf.exe.dir/lib/src/stm32f10x_can.c.obj
 .data          0x0000000000000000        0x0 CMakeFiles/stm32f1-printf.exe.dir/lib/src/stm32f10x_can.c.obj
 .bss           0x0000000000000000        0x0 CMakeFiles/stm32f1-printf.exe.dir/lib/src/stm32f10x_can.c.obj
 .debug_info    0x0000000000000000      0x882 CMakeFiles/stm32f1-printf.exe.dir/lib/src/stm32f10x_can.c.obj
 .debug_abbrev  0x0000000000000000      0x1e0 CMakeFiles/stm32f1-printf.exe.dir/lib/src/stm32f10x_can.c.obj
 .debug_aranges
                0x0000000000000000       0x20 CMakeFiles/stm32f1-printf.exe.dir/lib/src/stm32f10x_can.c.obj
 .debug_line    0x0000000000000000      0x266 CMakeFiles/stm32f1-printf.exe.dir/lib/src/stm32f10x_can.c.obj
 .debug_str     0x0000000000000000      0x565 CMakeFiles/stm32f1-printf.exe.dir/lib/src/stm32f10x_can.c.obj
 .comment       0x0000000000000000       0x32 CMakeFiles/stm32f1-printf.exe.dir/lib/src/stm32f10x_can.c.obj
 .debug_frame   0x0000000000000000      0x2d0 CMakeFiles/stm32f1-printf.exe.dir/lib/src/stm32f10x_can.c.obj
 .ARM.attributes
                0x0000000000000000       0x33 CMakeFiles/stm32f1-printf.exe.dir/lib/src/stm32f10x_can.c.obj
 .text          0x0000000000000000      0x2e4 CMakeFiles/stm32f1-printf.exe.dir/lib/src/stm32f10x_dma.c.obj
 .data          0x0000000000000000        0x0 CMakeFiles/stm32f1-printf.exe.dir/lib/src/stm32f10x_dma.c.obj
 .bss           0x0000000000000000        0x0 CMakeFiles/stm32f1-printf.exe.dir/lib/src/stm32f10x_dma.c.obj
 .debug_info    0x0000000000000000      0x3c2 CMakeFiles/stm32f1-printf.exe.dir/lib/src/stm32f10x_dma.c.obj
 .debug_abbrev  0x0000000000000000      0x137 CMakeFiles/stm32f1-printf.exe.dir/lib/src/stm32f10x_dma.c.obj
 .debug_aranges
                0x0000000000000000       0x20 CMakeFiles/stm32f1-printf.exe.dir/lib/src/stm32f10x_dma.c.obj
 .debug_line    0x0000000000000000      0x16d CMakeFiles/stm32f1-printf.exe.dir/lib/src/stm32f10x_dma.c.obj
 .debug_str     0x0000000000000000      0x2ed CMakeFiles/stm32f1-printf.exe.dir/lib/src/stm32f10x_dma.c.obj
 .comment       0x0000000000000000       0x32 CMakeFiles/stm32f1-printf.exe.dir/lib/src/stm32f10x_dma.c.obj
 .debug_frame   0x0000000000000000      0x19c CMakeFiles/stm32f1-printf.exe.dir/lib/src/stm32f10x_dma.c.obj
 .ARM.attributes
                0x0000000000000000       0x33 CMakeFiles/stm32f1-printf.exe.dir/lib/src/stm32f10x_dma.c.obj
 .text          0x0000000000000000      0x208 CMakeFiles/stm32f1-printf.exe.dir/lib/src/stm32f10x_exti.c.obj
 .data          0x0000000000000000        0x0 CMakeFiles/stm32f1-printf.exe.dir/lib/src/stm32f10x_exti.c.obj
 .bss           0x0000000000000000        0x0 CMakeFiles/stm32f1-printf.exe.dir/lib/src/stm32f10x_exti.c.obj
 .debug_info    0x0000000000000000      0x2f3 CMakeFiles/stm32f1-printf.exe.dir/lib/src/stm32f10x_exti.c.obj
 .debug_abbrev  0x0000000000000000       0xff CMakeFiles/stm32f1-printf.exe.dir/lib/src/stm32f10x_exti.c.obj
 .debug_aranges
                0x0000000000000000       0x20 CMakeFiles/stm32f1-printf.exe.dir/lib/src/stm32f10x_exti.c.obj
 .debug_line    0x0000000000000000      0x141 CMakeFiles/stm32f1-printf.exe.dir/lib/src/stm32f10x_exti.c.obj
 .debug_str     0x0000000000000000      0x2bf CMakeFiles/stm32f1-printf.exe.dir/lib/src/stm32f10x_exti.c.obj
 .comment       0x0000000000000000       0x32 CMakeFiles/stm32f1-printf.exe.dir/lib/src/stm32f10x_exti.c.obj
 .debug_frame   0x0000000000000000      0x148 CMakeFiles/stm32f1-printf.exe.dir/lib/src/stm32f10x_exti.c.obj
 .ARM.attributes
                0x0000000000000000       0x33 CMakeFiles/stm32f1-printf.exe.dir/lib/src/stm32f10x_exti.c.obj
 .data          0x0000000000000000        0x0 CMakeFiles/stm32f1-printf.exe.dir/lib/src/stm32f10x_flash.c.obj
 .bss           0x0000000000000000        0x0 CMakeFiles/stm32f1-printf.exe.dir/lib/src/stm32f10x_flash.c.obj
 .data          0x0000000000000000        0x0 CMakeFiles/stm32f1-printf.exe.dir/lib/src/stm32f10x_gpio.c.obj
 .bss           0x0000000000000000        0x0 CMakeFiles/stm32f1-printf.exe.dir/lib/src/stm32f10x_gpio.c.obj
 .text          0x0000000000000000      0x978 CMakeFiles/stm32f1-printf.exe.dir/lib/src/stm32f10x_i2c.c.obj
 .data          0x0000000000000000        0x0 CMakeFiles/stm32f1-printf.exe.dir/lib/src/stm32f10x_i2c.c.obj
 .bss           0x0000000000000000        0x0 CMakeFiles/stm32f1-printf.exe.dir/lib/src/stm32f10x_i2c.c.obj
 .debug_info    0x0000000000000000      0xaa2 CMakeFiles/stm32f1-printf.exe.dir/lib/src/stm32f10x_i2c.c.obj
 .debug_abbrev  0x0000000000000000      0x160 CMakeFiles/stm32f1-printf.exe.dir/lib/src/stm32f10x_i2c.c.obj
 .debug_aranges
                0x0000000000000000       0x20 CMakeFiles/stm32f1-printf.exe.dir/lib/src/stm32f10x_i2c.c.obj
 .debug_line    0x0000000000000000      0x267 CMakeFiles/stm32f1-printf.exe.dir/lib/src/stm32f10x_i2c.c.obj
 .debug_str     0x0000000000000000      0x58a CMakeFiles/stm32f1-printf.exe.dir/lib/src/stm32f10x_i2c.c.obj
 .comment       0x0000000000000000       0x32 CMakeFiles/stm32f1-printf.exe.dir/lib/src/stm32f10x_i2c.c.obj
 .debug_frame   0x0000000000000000      0x508 CMakeFiles/stm32f1-printf.exe.dir/lib/src/stm32f10x_i2c.c.obj
 .ARM.attributes
                0x0000000000000000       0x33 CMakeFiles/stm32f1-printf.exe.dir/lib/src/stm32f10x_i2c.c.obj
 .text          0x0000000000000000       0xc4 CMakeFiles/stm32f1-printf.exe.dir/lib/src/stm32f10x_iwdg.c.obj
 .data          0x0000000000000000        0x0 CMakeFiles/stm32f1-printf.exe.dir/lib/src/stm32f10x_iwdg.c.obj
 .bss           0x0000000000000000        0x0 CMakeFiles/stm32f1-printf.exe.dir/lib/src/stm32f10x_iwdg.c.obj
 .debug_info    0x0000000000000000      0x1a8 CMakeFiles/stm32f1-printf.exe.dir/lib/src/stm32f10x_iwdg.c.obj
 .debug_abbrev  0x0000000000000000       0xff CMakeFiles/stm32f1-printf.exe.dir/lib/src/stm32f10x_iwdg.c.obj
 .debug_aranges
                0x0000000000000000       0x20 CMakeFiles/stm32f1-printf.exe.dir/lib/src/stm32f10x_iwdg.c.obj
 .debug_line    0x0000000000000000       0xfe CMakeFiles/stm32f1-printf.exe.dir/lib/src/stm32f10x_iwdg.c.obj
 .debug_str     0x0000000000000000      0x1ac CMakeFiles/stm32f1-printf.exe.dir/lib/src/stm32f10x_iwdg.c.obj
 .comment       0x0000000000000000       0x32 CMakeFiles/stm32f1-printf.exe.dir/lib/src/stm32f10x_iwdg.c.obj
 .debug_frame   0x0000000000000000       0xf0 CMakeFiles/stm32f1-printf.exe.dir/lib/src/stm32f10x_iwdg.c.obj
 .ARM.attributes
                0x0000000000000000       0x33 CMakeFiles/stm32f1-printf.exe.dir/lib/src/stm32f10x_iwdg.c.obj
 .text          0x0000000000000000        0x0 CMakeFiles/stm32f1-printf.exe.dir/lib/src/stm32f10x_lib.c.obj
 .data          0x0000000000000000        0x0 CMakeFiles/stm32f1-printf.exe.dir/lib/src/stm32f10x_lib.c.obj
 .bss           0x0000000000000000        0x0 CMakeFiles/stm32f1-printf.exe.dir/lib/src/stm32f10x_lib.c.obj
 .debug_info    0x0000000000000000       0x67 CMakeFiles/stm32f1-printf.exe.dir/lib/src/stm32f10x_lib.c.obj
 .debug_abbrev  0x0000000000000000       0x24 CMakeFiles/stm32f1-printf.exe.dir/lib/src/stm32f10x_lib.c.obj
 .debug_aranges
                0x0000000000000000       0x18 CMakeFiles/stm32f1-printf.exe.dir/lib/src/stm32f10x_lib.c.obj
 .debug_line    0x0000000000000000       0x1d CMakeFiles/stm32f1-printf.exe.dir/lib/src/stm32f10x_lib.c.obj
 .debug_str     0x0000000000000000      0x118 CMakeFiles/stm32f1-printf.exe.dir/lib/src/stm32f10x_lib.c.obj
 .comment       0x0000000000000000       0x32 CMakeFiles/stm32f1-printf.exe.dir/lib/src/stm32f10x_lib.c.obj
 .ARM.attributes
                0x0000000000000000       0x33 CMakeFiles/stm32f1-printf.exe.dir/lib/src/stm32f10x_lib.c.obj
 .data          0x0000000000000000        0x0 CMakeFiles/stm32f1-printf.exe.dir/lib/src/stm32f10x_nvic.c.obj
 .bss           0x0000000000000000        0x0 CMakeFiles/stm32f1-printf.exe.dir/lib/src/stm32f10x_nvic.c.obj
 .text          0x0000000000000000      0x19c CMakeFiles/stm32f1-printf.exe.dir/lib/src/stm32f10x_pwr.c.obj
 .data          0x0000000000000000        0x0 CMakeFiles/stm32f1-printf.exe.dir/lib/src/stm32f10x_pwr.c.obj
 .bss           0x0000000000000000        0x0 CMakeFiles/stm32f1-printf.exe.dir/lib/src/stm32f10x_pwr.c.obj
 .debug_info    0x0000000000000000      0x24b CMakeFiles/stm32f1-printf.exe.dir/lib/src/stm32f10x_pwr.c.obj
 .debug_abbrev  0x0000000000000000      0x137 CMakeFiles/stm32f1-printf.exe.dir/lib/src/stm32f10x_pwr.c.obj
 .debug_aranges
                0x0000000000000000       0x20 CMakeFiles/stm32f1-printf.exe.dir/lib/src/stm32f10x_pwr.c.obj
 .debug_line    0x0000000000000000      0x11e CMakeFiles/stm32f1-printf.exe.dir/lib/src/stm32f10x_pwr.c.obj
 .debug_str     0x0000000000000000      0x208 CMakeFiles/stm32f1-printf.exe.dir/lib/src/stm32f10x_pwr.c.obj
 .comment       0x0000000000000000       0x32 CMakeFiles/stm32f1-printf.exe.dir/lib/src/stm32f10x_pwr.c.obj
 .debug_frame   0x0000000000000000      0x15c CMakeFiles/stm32f1-printf.exe.dir/lib/src/stm32f10x_pwr.c.obj
 .ARM.attributes
                0x0000000000000000       0x33 CMakeFiles/stm32f1-printf.exe.dir/lib/src/stm32f10x_pwr.c.obj
 .data          0x0000000000000000        0x0 CMakeFiles/stm32f1-printf.exe.dir/lib/src/stm32f10x_rcc.c.obj
 .text          0x0000000000000000      0x2bc CMakeFiles/stm32f1-printf.exe.dir/lib/src/stm32f10x_rtc.c.obj
 .data          0x0000000000000000        0x0 CMakeFiles/stm32f1-printf.exe.dir/lib/src/stm32f10x_rtc.c.obj
 .bss           0x0000000000000000        0x0 CMakeFiles/stm32f1-printf.exe.dir/lib/src/stm32f10x_rtc.c.obj
 .debug_info    0x0000000000000000      0x3cf CMakeFiles/stm32f1-printf.exe.dir/lib/src/stm32f10x_rtc.c.obj
 .debug_abbrev  0x0000000000000000      0x17e CMakeFiles/stm32f1-printf.exe.dir/lib/src/stm32f10x_rtc.c.obj
 .debug_aranges
                0x0000000000000000       0x20 CMakeFiles/stm32f1-printf.exe.dir/lib/src/stm32f10x_rtc.c.obj
 .debug_line    0x0000000000000000      0x151 CMakeFiles/stm32f1-printf.exe.dir/lib/src/stm32f10x_rtc.c.obj
 .debug_str     0x0000000000000000      0x2f2 CMakeFiles/stm32f1-printf.exe.dir/lib/src/stm32f10x_rtc.c.obj
 .comment       0x0000000000000000       0x32 CMakeFiles/stm32f1-printf.exe.dir/lib/src/stm32f10x_rtc.c.obj
 .debug_frame   0x0000000000000000      0x214 CMakeFiles/stm32f1-printf.exe.dir/lib/src/stm32f10x_rtc.c.obj
 .ARM.attributes
                0x0000000000000000       0x33 CMakeFiles/stm32f1-printf.exe.dir/lib/src/stm32f10x_rtc.c.obj
 .text          0x0000000000000000      0x52c CMakeFiles/stm32f1-printf.exe.dir/lib/src/stm32f10x_spi.c.obj
 .data          0x0000000000000000        0x0 CMakeFiles/stm32f1-printf.exe.dir/lib/src/stm32f10x_spi.c.obj
 .bss           0x0000000000000000        0x0 CMakeFiles/stm32f1-printf.exe.dir/lib/src/stm32f10x_spi.c.obj
 .debug_info    0x0000000000000000      0x6b4 CMakeFiles/stm32f1-printf.exe.dir/lib/src/stm32f10x_spi.c.obj
 .debug_abbrev  0x0000000000000000      0x160 CMakeFiles/stm32f1-printf.exe.dir/lib/src/stm32f10x_spi.c.obj
 .debug_aranges
                0x0000000000000000       0x20 CMakeFiles/stm32f1-printf.exe.dir/lib/src/stm32f10x_spi.c.obj
 .debug_line    0x0000000000000000      0x1c5 CMakeFiles/stm32f1-printf.exe.dir/lib/src/stm32f10x_spi.c.obj
 .debug_str     0x0000000000000000      0x3dc CMakeFiles/stm32f1-printf.exe.dir/lib/src/stm32f10x_spi.c.obj
 .comment       0x0000000000000000       0x32 CMakeFiles/stm32f1-printf.exe.dir/lib/src/stm32f10x_spi.c.obj
 .debug_frame   0x0000000000000000      0x32c CMakeFiles/stm32f1-printf.exe.dir/lib/src/stm32f10x_spi.c.obj
 .ARM.attributes
                0x0000000000000000       0x33 CMakeFiles/stm32f1-printf.exe.dir/lib/src/stm32f10x_spi.c.obj
 .text          0x0000000000000000      0x148 CMakeFiles/stm32f1-printf.exe.dir/lib/src/stm32f10x_systick.c.obj
 .data          0x0000000000000000        0x0 CMakeFiles/stm32f1-printf.exe.dir/lib/src/stm32f10x_systick.c.obj
 .bss           0x0000000000000000        0x0 CMakeFiles/stm32f1-printf.exe.dir/lib/src/stm32f10x_systick.c.obj
 .debug_info    0x0000000000000000      0x20d CMakeFiles/stm32f1-printf.exe.dir/lib/src/stm32f10x_systick.c.obj
 .debug_abbrev  0x0000000000000000      0x133 CMakeFiles/stm32f1-printf.exe.dir/lib/src/stm32f10x_systick.c.obj
 .debug_aranges
                0x0000000000000000       0x20 CMakeFiles/stm32f1-printf.exe.dir/lib/src/stm32f10x_systick.c.obj
 .debug_line    0x0000000000000000      0x118 CMakeFiles/stm32f1-printf.exe.dir/lib/src/stm32f10x_systick.c.obj
 .debug_str     0x0000000000000000      0x20f CMakeFiles/stm32f1-printf.exe.dir/lib/src/stm32f10x_systick.c.obj
 .comment       0x0000000000000000       0x32 CMakeFiles/stm32f1-printf.exe.dir/lib/src/stm32f10x_systick.c.obj
 .debug_frame   0x0000000000000000       0xf8 CMakeFiles/stm32f1-printf.exe.dir/lib/src/stm32f10x_systick.c.obj
 .ARM.attributes
                0x0000000000000000       0x33 CMakeFiles/stm32f1-printf.exe.dir/lib/src/stm32f10x_systick.c.obj
 .data          0x0000000000000000        0x0 CMakeFiles/stm32f1-printf.exe.dir/lib/src/stm32f10x_tim.c.obj
 .bss           0x0000000000000000        0x0 CMakeFiles/stm32f1-printf.exe.dir/lib/src/stm32f10x_tim.c.obj
 .text          0x0000000000000000     0x1518 CMakeFiles/stm32f1-printf.exe.dir/lib/src/stm32f10x_tim1.c.obj
 .data          0x0000000000000000        0x0 CMakeFiles/stm32f1-printf.exe.dir/lib/src/stm32f10x_tim1.c.obj
 .bss           0x0000000000000000        0x0 CMakeFiles/stm32f1-printf.exe.dir/lib/src/stm32f10x_tim1.c.obj
 .debug_info    0x0000000000000000     0x14ff CMakeFiles/stm32f1-printf.exe.dir/lib/src/stm32f10x_tim1.c.obj
 .debug_abbrev  0x0000000000000000      0x18c CMakeFiles/stm32f1-printf.exe.dir/lib/src/stm32f10x_tim1.c.obj
 .debug_aranges
                0x0000000000000000       0x20 CMakeFiles/stm32f1-printf.exe.dir/lib/src/stm32f10x_tim1.c.obj
 .debug_line    0x0000000000000000      0x409 CMakeFiles/stm32f1-printf.exe.dir/lib/src/stm32f10x_tim1.c.obj
 .debug_str     0x0000000000000000      0xdf8 CMakeFiles/stm32f1-printf.exe.dir/lib/src/stm32f10x_tim1.c.obj
 .comment       0x0000000000000000       0x32 CMakeFiles/stm32f1-printf.exe.dir/lib/src/stm32f10x_tim1.c.obj
 .debug_frame   0x0000000000000000      0xdec CMakeFiles/stm32f1-printf.exe.dir/lib/src/stm32f10x_tim1.c.obj
 .ARM.attributes
                0x0000000000000000       0x33 CMakeFiles/stm32f1-printf.exe.dir/lib/src/stm32f10x_tim1.c.obj
 .data          0x0000000000000000        0x0 CMakeFiles/stm32f1-printf.exe.dir/lib/src/stm32f10x_usart.c.obj
 .bss           0x0000000000000000        0x0 CMakeFiles/stm32f1-printf.exe.dir/lib/src/stm32f10x_usart.c.obj
 .text          0x0000000000000000      0x118 CMakeFiles/stm32f1-printf.exe.dir/lib/src/stm32f10x_wwdg.c.obj
 .data          0x0000000000000000        0x0 CMakeFiles/stm32f1-printf.exe.dir/lib/src/stm32f10x_wwdg.c.obj
 .bss           0x0000000000000000        0x0 CMakeFiles/stm32f1-printf.exe.dir/lib/src/stm32f10x_wwdg.c.obj
 .debug_info    0x0000000000000000      0x1e4 CMakeFiles/stm32f1-printf.exe.dir/lib/src/stm32f10x_wwdg.c.obj
 .debug_abbrev  0x0000000000000000      0x10a CMakeFiles/stm32f1-printf.exe.dir/lib/src/stm32f10x_wwdg.c.obj
 .debug_aranges
                0x0000000000000000       0x20 CMakeFiles/stm32f1-printf.exe.dir/lib/src/stm32f10x_wwdg.c.obj
 .debug_line    0x0000000000000000      0x10b CMakeFiles/stm32f1-printf.exe.dir/lib/src/stm32f10x_wwdg.c.obj
 .debug_str     0x0000000000000000      0x1c1 CMakeFiles/stm32f1-printf.exe.dir/lib/src/stm32f10x_wwdg.c.obj
 .comment       0x0000000000000000       0x32 CMakeFiles/stm32f1-printf.exe.dir/lib/src/stm32f10x_wwdg.c.obj
 .debug_frame   0x0000000000000000      0x12c CMakeFiles/stm32f1-printf.exe.dir/lib/src/stm32f10x_wwdg.c.obj
 .ARM.attributes
                0x0000000000000000       0x33 CMakeFiles/stm32f1-printf.exe.dir/lib/src/stm32f10x_wwdg.c.obj
 .data          0x0000000000000000        0x0 CMakeFiles/stm32f1-printf.exe.dir/lib/src/cortexm3_macro.S.obj
 .bss           0x0000000000000000        0x0 CMakeFiles/stm32f1-printf.exe.dir/lib/src/cortexm3_macro.S.obj
 .data          0x0000000000000000        0x0 CMakeFiles/stm32f1-printf.exe.dir/lib/src/stm32f10x_vector.c.obj
 .bss           0x0000000000000000        0x0 CMakeFiles/stm32f1-printf.exe.dir/lib/src/stm32f10x_vector.c.obj
 .data          0x0000000000000000        0x0 CMakeFiles/stm32f1-printf.exe.dir/main.c.obj
 .bss           0x0000000000000000        0x0 CMakeFiles/stm32f1-printf.exe.dir/main.c.obj
 .data          0x0000000000000000        0x0 CMakeFiles/stm32f1-printf.exe.dir/stm32f10x_it.c.obj
 .bss           0x0000000000000000        0x0 CMakeFiles/stm32f1-printf.exe.dir/stm32f10x_it.c.obj
 .text          0x0000000000000000        0x0 /usr/lib/gcc/arm-none-eabi/6.3.1/thumb/v7-m/crtend.o
 .data          0x0000000000000000        0x0 /usr/lib/gcc/arm-none-eabi/6.3.1/thumb/v7-m/crtend.o
 .bss           0x0000000000000000        0x0 /usr/lib/gcc/arm-none-eabi/6.3.1/thumb/v7-m/crtend.o
 .eh_frame      0x0000000000000000        0x4 /usr/lib/gcc/arm-none-eabi/6.3.1/thumb/v7-m/crtend.o
 .jcr           0x0000000000000000        0x4 /usr/lib/gcc/arm-none-eabi/6.3.1/thumb/v7-m/crtend.o
 .tm_clone_table
                0x0000000000000000        0x0 /usr/lib/gcc/arm-none-eabi/6.3.1/thumb/v7-m/crtend.o
 .comment       0x0000000000000000       0x32 /usr/lib/gcc/arm-none-eabi/6.3.1/thumb/v7-m/crtend.o
 .ARM.attributes
                0x0000000000000000       0x2d /usr/lib/gcc/arm-none-eabi/6.3.1/thumb/v7-m/crtend.o
 .text          0x0000000000000000        0x0 /usr/lib/gcc/arm-none-eabi/6.3.1/thumb/v7-m/crtn.o
 .data          0x0000000000000000        0x0 /usr/lib/gcc/arm-none-eabi/6.3.1/thumb/v7-m/crtn.o
 .bss           0x0000000000000000        0x0 /usr/lib/gcc/arm-none-eabi/6.3.1/thumb/v7-m/crtn.o
 .init          0x0000000000000000        0x8 /usr/lib/gcc/arm-none-eabi/6.3.1/thumb/v7-m/crtn.o
 .fini          0x0000000000000000        0x8 /usr/lib/gcc/arm-none-eabi/6.3.1/thumb/v7-m/crtn.o
 .ARM.attributes
                0x0000000000000000       0x1d /usr/lib/gcc/arm-none-eabi/6.3.1/thumb/v7-m/crtn.o

Memory Configuration

Name             Origin             Length             Attributes
RAM              0x0000000020000000 0x0000000000005000 xrw
FLASH            0x0000000008000000 0x0000000000020000 xr
FLASHB1          0x0000000000000000 0x0000000000000000 xr
EXTMEMB0         0x0000000000000000 0x0000000000000000 xr
EXTMEMB1         0x0000000000000000 0x0000000000000000 xr
EXTMEMB2         0x0000000000000000 0x0000000000000000 xr
EXTMEMB3         0x0000000000000000 0x0000000000000000 xr
*default*        0x0000000000000000 0xffffffffffffffff

Linker script and memory map

LOAD /usr/lib/gcc/arm-none-eabi/6.3.1/thumb/v7-m/crti.o
LOAD /usr/lib/gcc/arm-none-eabi/6.3.1/thumb/v7-m/crtbegin.o
LOAD /usr/lib/gcc/arm-none-eabi/6.3.1/../../../arm-none-eabi/lib/thumb/v7-m/crt0.o
LOAD /usr/lib/gcc/arm-none-eabi/6.3.1/../../../arm-none-eabi/lib/thumb/v7-m/libc_nano.a
LOAD /usr/lib/gcc/arm-none-eabi/6.3.1/../../../arm-none-eabi/lib/thumb/v7-m/libm.a
LOAD /usr/lib/gcc/arm-none-eabi/6.3.1/../../../arm-none-eabi/lib/thumb/v7-m/libnosys.a
LOAD CMakeFiles/stm32f1-printf.exe.dir/lib/src/stm32f10x_adc.c.obj
LOAD CMakeFiles/stm32f1-printf.exe.dir/lib/src/stm32f10x_bkp.c.obj
LOAD CMakeFiles/stm32f1-printf.exe.dir/lib/src/stm32f10x_can.c.obj
LOAD CMakeFiles/stm32f1-printf.exe.dir/lib/src/stm32f10x_dma.c.obj
LOAD CMakeFiles/stm32f1-printf.exe.dir/lib/src/stm32f10x_exti.c.obj
LOAD CMakeFiles/stm32f1-printf.exe.dir/lib/src/stm32f10x_flash.c.obj
LOAD CMakeFiles/stm32f1-printf.exe.dir/lib/src/stm32f10x_gpio.c.obj
LOAD CMakeFiles/stm32f1-printf.exe.dir/lib/src/stm32f10x_i2c.c.obj
LOAD CMakeFiles/stm32f1-printf.exe.dir/lib/src/stm32f10x_iwdg.c.obj
LOAD CMakeFiles/stm32f1-printf.exe.dir/lib/src/stm32f10x_lib.c.obj
LOAD CMakeFiles/stm32f1-printf.exe.dir/lib/src/stm32f10x_nvic.c.obj
LOAD CMakeFiles/stm32f1-printf.exe.dir/lib/src/stm32f10x_pwr.c.obj
LOAD CMakeFiles/stm32f1-printf.exe.dir/lib/src/stm32f10x_rcc.c.obj
LOAD CMakeFiles/stm32f1-printf.exe.dir/lib/src/stm32f10x_rtc.c.obj
LOAD CMakeFiles/stm32f1-printf.exe.dir/lib/src/stm32f10x_spi.c.obj
LOAD CMakeFiles/stm32f1-printf.exe.dir/lib/src/stm32f10x_systick.c.obj
LOAD CMakeFiles/stm32f1-printf.exe.dir/lib/src/stm32f10x_tim.c.obj
LOAD CMakeFiles/stm32f1-printf.exe.dir/lib/src/stm32f10x_tim1.c.obj
LOAD CMakeFiles/stm32f1-printf.exe.dir/lib/src/stm32f10x_usart.c.obj
LOAD CMakeFiles/stm32f1-printf.exe.dir/lib/src/stm32f10x_wwdg.c.obj
LOAD CMakeFiles/stm32f1-printf.exe.dir/lib/src/cortexm3_macro.S.obj
LOAD CMakeFiles/stm32f1-printf.exe.dir/lib/src/stm32f10x_vector.c.obj
LOAD CMakeFiles/stm32f1-printf.exe.dir/main.c.obj
LOAD CMakeFiles/stm32f1-printf.exe.dir/stm32f10x_it.c.obj
START GROUP
LOAD /usr/lib/gcc/arm-none-eabi/6.3.1/thumb/v7-m/libgcc.a
LOAD /usr/lib/gcc/arm-none-eabi/6.3.1/../../../arm-none-eabi/lib/thumb/v7-m/libg_nano.a
LOAD /usr/lib/gcc/arm-none-eabi/6.3.1/../../../arm-none-eabi/lib/thumb/v7-m/libc_nano.a
END GROUP
START GROUP
LOAD /usr/lib/gcc/arm-none-eabi/6.3.1/thumb/v7-m/libgcc.a
LOAD /usr/lib/gcc/arm-none-eabi/6.3.1/../../../arm-none-eabi/lib/thumb/v7-m/libc_nano.a
LOAD /usr/lib/gcc/arm-none-eabi/6.3.1/../../../arm-none-eabi/lib/thumb/v7-m/libnosys.a
END GROUP
START GROUP
LOAD /usr/lib/gcc/arm-none-eabi/6.3.1/thumb/v7-m/libgcc.a
LOAD /usr/lib/gcc/arm-none-eabi/6.3.1/../../../arm-none-eabi/lib/thumb/v7-m/libc_nano.a
LOAD /usr/lib/gcc/arm-none-eabi/6.3.1/../../../arm-none-eabi/lib/thumb/v7-m/libnosys.a
END GROUP
LOAD /usr/lib/gcc/arm-none-eabi/6.3.1/thumb/v7-m/crtend.o
LOAD /usr/lib/gcc/arm-none-eabi/6.3.1/thumb/v7-m/crtn.o
                0x0000000000000400                __Stack_Size = 0x400
                [!provide]                        PROVIDE (_Stack_Size, __Stack_Size)
                0x0000000020004c00                __Stack_Init = (_estack - __Stack_Size)
                [!provide]                        PROVIDE (_Stack_Init, __Stack_Init)
                0x0000000000000100                _Minimum_Stack_Size = 0x100
                [!provide]                        PROVIDE (Undefined_Handler, 0x0)
                [!provide]                        PROVIDE (SWI_Handler, 0x0)
                [!provide]                        PROVIDE (IRQ_Handler, 0x0)
                [!provide]                        PROVIDE (Prefetch_Handler, 0x0)
                [!provide]                        PROVIDE (Abort_Handler, 0x0)
                [!provide]                        PROVIDE (FIQ_Handler, 0x0)
                [!provide]                        PROVIDE (NMIException, 0x0)
                [!provide]                        PROVIDE (HardFaultException, 0x0)
                [!provide]                        PROVIDE (MemManageException, 0x0)
                [!provide]                        PROVIDE (BusFaultException, 0x0)
                [!provide]                        PROVIDE (UsageFaultException, 0x0)
                [!provide]                        PROVIDE (SVCHandler, 0x0)
                [!provide]                        PROVIDE (DebugMonitor, 0x0)
                [!provide]                        PROVIDE (PendSVC, 0x0)
                [!provide]                        PROVIDE (SysTickHandler, 0x0)
                [!provide]                        PROVIDE (WWDG_IRQHandler, 0x0)
                [!provide]                        PROVIDE (PVD_IRQHandler, 0x0)
                [!provide]                        PROVIDE (TAMPER_IRQHandler, 0x0)
                [!provide]                        PROVIDE (RTC_IRQHandler, 0x0)
                [!provide]                        PROVIDE (FLASH_IRQHandler, 0x0)
                [!provide]                        PROVIDE (RCC_IRQHandler, 0x0)
                [!provide]                        PROVIDE (EXTI0_IRQHandler, 0x0)
                [!provide]                        PROVIDE (EXTI1_IRQHandler, 0x0)
                [!provide]                        PROVIDE (EXTI2_IRQHandler, 0x0)
                [!provide]                        PROVIDE (EXTI3_IRQHandler, 0x0)
                [!provide]                        PROVIDE (EXTI4_IRQHandler, 0x0)
                [!provide]                        PROVIDE (DMAChannel1_IRQHandler, 0x0)
                [!provide]                        PROVIDE (DMAChannel2_IRQHandler, 0x0)
                [!provide]                        PROVIDE (DMAChannel3_IRQHandler, 0x0)
                [!provide]                        PROVIDE (DMAChannel4_IRQHandler, 0x0)
                [!provide]                        PROVIDE (DMAChannel5_IRQHandler, 0x0)
                [!provide]                        PROVIDE (DMAChannel6_IRQHandler, 0x0)
                [!provide]                        PROVIDE (DMAChannel7_IRQHandler, 0x0)
                [!provide]                        PROVIDE (ADC_IRQHandler, 0x0)
                [!provide]                        PROVIDE (USB_HP_CAN_TX_IRQHandler, 0x0)
                [!provide]                        PROVIDE (USB_LP_CAN_RX0_IRQHandler, 0x0)
                [!provide]                        PROVIDE (CAN_RX1_IRQHandler, 0x0)
                [!provide]                        PROVIDE (CAN_SCE_IRQHandler, 0x0)
                [!provide]                        PROVIDE (EXTI9_5_IRQHandler, 0x0)
                [!provide]                        PROVIDE (TIM1_BRK_IRQHandler, 0x0)
                [!provide]                        PROVIDE (TIM1_UP_IRQHandler, 0x0)
                [!provide]                        PROVIDE (TIM1_TRG_COM_IRQHandler, 0x0)
                [!provide]                        PROVIDE (TIM1_CC_IRQHandler, 0x0)
                [!provide]                        PROVIDE (TIM2_IRQHandler, 0x0)
                [!provide]                        PROVIDE (TIM3_IRQHandler, 0x0)
                [!provide]                        PROVIDE (TIM4_IRQHandler, 0x0)
                [!provide]                        PROVIDE (I2C1_EV_IRQHandler, 0x0)
                [!provide]                        PROVIDE (I2C1_ER_IRQHandler, 0x0)
                [!provide]                        PROVIDE (I2C2_EV_IRQHandler, 0x0)
                [!provide]                        PROVIDE (I2C2_ER_IRQHandler, 0x0)
                [!provide]                        PROVIDE (SPI1_IRQHandler, 0x0)
                [!provide]                        PROVIDE (SPI2_IRQHandler, 0x0)
                [!provide]                        PROVIDE (USART1_IRQHandler, 0x0)
                [!provide]                        PROVIDE (USART2_IRQHandler, 0x0)
                [!provide]                        PROVIDE (USART3_IRQHandler, 0x0)
                [!provide]                        PROVIDE (EXTI15_10_IRQHandler, 0x0)
                [!provide]                        PROVIDE (RTCAlarm_IRQHandler, 0x0)
                [!provide]                        PROVIDE (USBWakeUp_IRQHandler, 0x0)
                0x0000000042000000                PERIPH_BB_BASE = 0x42000000
                0x0000000022000000                SRAM_BB_BASE = 0x22000000
                0x0000000020000000                SRAM_BASE = 0x20000000
                0x0000000040000000                PERIPH_BASE = 0x40000000
                [!provide]                        PROVIDE (FLASH_BASE, 0x40022000)
                [!provide]                        PROVIDE (OB_BASE, 0x1ffff800)
                0x0000000040000000                APB1PERIPH_BASE = PERIPH_BASE
                0x0000000040010000                APB2PERIPH_BASE = (PERIPH_BASE + 0x10000)
                0x0000000040020000                AHBPERIPH_BASE = (PERIPH_BASE + 0x20000)
                [!provide]                        PROVIDE (TIM2, (APB1PERIPH_BASE + 0x0))
                [!provide]                        PROVIDE (TIM3, (APB1PERIPH_BASE + 0x400))
                [!provide]                        PROVIDE (TIM4, (APB1PERIPH_BASE + 0x800))
                [!provide]                        PROVIDE (RTC, (APB1PERIPH_BASE + 0x2800))
                [!provide]                        PROVIDE (WWDG, (APB1PERIPH_BASE + 0x2c00))
                [!provide]                        PROVIDE (IWDG, (APB1PERIPH_BASE + 0x3000))
                [!provide]                        PROVIDE (SPI2, (APB1PERIPH_BASE + 0x3800))
                [!provide]                        PROVIDE (USART2, (APB1PERIPH_BASE + 0x4400))
                [!provide]                        PROVIDE (USART3, (APB1PERIPH_BASE + 0x4800))
                [!provide]                        PROVIDE (I2C1, (APB1PERIPH_BASE + 0x5400))
                [!provide]                        PROVIDE (I2C2, (APB1PERIPH_BASE + 0x5800))
                [!provide]                        PROVIDE (CAN, (APB1PERIPH_BASE + 0x6400))
                [!provide]                        PROVIDE (BKP, (APB1PERIPH_BASE + 0x6c00))
                [!provide]                        PROVIDE (PWR, (APB1PERIPH_BASE + 0x7000))
                [!provide]                        PROVIDE (AFIO, (APB2PERIPH_BASE + 0x0))
                [!provide]                        PROVIDE (EXTI, (APB2PERIPH_BASE + 0x400))
                [!provide]                        PROVIDE (GPIOA, (APB2PERIPH_BASE + 0x800))
                [!provide]                        PROVIDE (GPIOB, (APB2PERIPH_BASE + 0xc00))
                [!provide]                        PROVIDE (GPIOC, (APB2PERIPH_BASE + 0x1000))
                [!provide]                        PROVIDE (GPIOD, (APB2PERIPH_BASE + 0x1400))
                [!provide]                        PROVIDE (GPIOE, (APB2PERIPH_BASE + 0x1800))
                [!provide]                        PROVIDE (ADC1, (APB2PERIPH_BASE + 0x2400))
                [!provide]                        PROVIDE (ADC2, (APB2PERIPH_BASE + 0x2800))
                [!provide]                        PROVIDE (TIM1, (APB2PERIPH_BASE + 0x2c00))
                [!provide]                        PROVIDE (SPI1, (APB2PERIPH_BASE + 0x3000))
                [!provide]                        PROVIDE (USART1, (APB2PERIPH_BASE + 0x3800))
                [!provide]                        PROVIDE (DMA, (AHBPERIPH_BASE + 0x0))
                [!provide]                        PROVIDE (DMA_Channel1, (AHBPERIPH_BASE + 0x8))
                [!provide]                        PROVIDE (DMA_Channel2, (AHBPERIPH_BASE + 0x1c))
                [!provide]                        PROVIDE (DMA_Channel3, (AHBPERIPH_BASE + 0x30))
                [!provide]                        PROVIDE (DMA_Channel4, (AHBPERIPH_BASE + 0x44))
                [!provide]                        PROVIDE (DMA_Channel5, (AHBPERIPH_BASE + 0x58))
                [!provide]                        PROVIDE (DMA_Channel6, (AHBPERIPH_BASE + 0x6c))
                [!provide]                        PROVIDE (DMA_Channel7, (AHBPERIPH_BASE + 0x80))
                [!provide]                        PROVIDE (RCC, (AHBPERIPH_BASE + 0x1000))
                0x00000000e000e000                SCS_BASE = 0xe000e000
                [!provide]                        PROVIDE (SysTick, (SCS_BASE + 0x10))
                [!provide]                        PROVIDE (NVIC, (SCS_BASE + 0x100))
                [!provide]                        PROVIDE (SCB, (SCS_BASE + 0xd00))
                0x0000000020005000                _estack = 0x20005000

.isr_vector     0x0000000008000000      0x10c
                0x0000000008000000                . = ALIGN (0x4)
 *(.isr_vector)
 .isr_vector    0x0000000008000000      0x10c CMakeFiles/stm32f1-printf.exe.dir/lib/src/stm32f10x_vector.c.obj
                0x0000000008000000                g_pfnVectors
                0x000000000800010c                . = ALIGN (0x4)

.flashtext      0x000000000800010c        0x0
                0x000000000800010c                . = ALIGN (0x4)
 *(.flashtext)
                0x000000000800010c                . = ALIGN (0x4)

.text           0x000000000800010c     0x39ac
                0x000000000800010c                . = ALIGN (0x4)
 *(.text)
 .text          0x000000000800010c       0x90 CMakeFiles/stm32f1-printf.exe.dir/lib/src/stm32f10x_flash.c.obj
                0x000000000800010c                FLASH_SetLatency
                0x000000000800013c                FLASH_HalfCycleAccessCmd
                0x000000000800016c                FLASH_PrefetchBufferCmd
 .text          0x000000000800019c      0x554 CMakeFiles/stm32f1-printf.exe.dir/lib/src/stm32f10x_gpio.c.obj
                0x000000000800019c                GPIO_DeInit
                0x0000000008000248                GPIO_AFIODeInit
                0x0000000008000260                GPIO_Init
                0x00000000080003da                GPIO_StructInit
                0x0000000008000400                GPIO_ReadInputDataBit
                0x0000000008000432                GPIO_ReadInputData
                0x000000000800044a                GPIO_ReadOutputDataBit
                0x000000000800047c                GPIO_ReadOutputData
                0x0000000008000494                GPIO_SetBits
                0x00000000080004b0                GPIO_ResetBits
                0x00000000080004cc                GPIO_WriteBit
                0x00000000080004fa                GPIO_Write
                0x0000000008000516                GPIO_PinLockConfig
                0x0000000008000558                GPIO_EventOutputConfig
                0x00000000080005a4                GPIO_EventOutputCmd
                0x00000000080005c4                GPIO_PinRemapConfig
                0x000000000800066c                GPIO_EXTILineConfig
 .text          0x00000000080006f0      0x774 CMakeFiles/stm32f1-printf.exe.dir/lib/src/stm32f10x_nvic.c.obj
                0x00000000080006f0                NVIC_DeInit
                0x0000000008000750                NVIC_SCBDeInit
                0x00000000080007c8                NVIC_PriorityGroupConfig
                0x00000000080007ec                NVIC_Init
                0x0000000008000908                NVIC_StructInit
                0x0000000008000932                NVIC_SETPRIMASK
                0x000000000800093e                NVIC_RESETPRIMASK
                0x000000000800094a                NVIC_SETFAULTMASK
                0x0000000008000956                NVIC_RESETFAULTMASK
                0x0000000008000962                NVIC_BASEPRICONFIG
                0x000000000800097c                NVIC_GetBASEPRI
                0x000000000800098a                NVIC_GetCurrentPendingIRQChannel
                0x00000000080009a8                NVIC_GetIRQChannelPendingBitStatus
                0x00000000080009fc                NVIC_SetIRQChannelPendingBit
                0x0000000008000a1c                NVIC_ClearIRQChannelPendingBit
                0x0000000008000a50                NVIC_GetCurrentActiveHandler
                0x0000000008000a6c                NVIC_GetIRQChannelActiveBitStatus
                0x0000000008000ac0                NVIC_GetCPUID
                0x0000000008000ad4                NVIC_SetVectorTable
                0x0000000008000b00                NVIC_GenerateSystemReset
                0x0000000008000b1c                NVIC_GenerateCoreReset
                0x0000000008000b38                NVIC_SystemLPConfig
                0x0000000008000b78                NVIC_SystemHandlerConfig
                0x0000000008000bc8                NVIC_SystemHandlerPriorityConfig
                0x0000000008000c94                NVIC_GetSystemHandlerPendingBitStatus
                0x0000000008000cec                NVIC_SetSystemHandlerPendingBit
                0x0000000008000d20                NVIC_ClearSystemHandlerPendingBit
                0x0000000008000d58                NVIC_GetSystemHandlerActiveBitStatus
                0x0000000008000dac                NVIC_GetFaultHandlerSources
                0x0000000008000e24                NVIC_GetFaultAddress
 .text          0x0000000008000e64      0x7e0 CMakeFiles/stm32f1-printf.exe.dir/lib/src/stm32f10x_rcc.c.obj
                0x0000000008000e64                RCC_DeInit
                0x0000000008000edc                RCC_HSEConfig
                0x0000000008000f38                RCC_WaitForHSEStartUp
                0x0000000008000f84                RCC_AdjustHSICalibrationValue
                0x0000000008000fc0                RCC_HSICmd
                0x0000000008000fe0                RCC_PLLConfig
                0x000000000800101c                RCC_PLLCmd
                0x000000000800103c                RCC_SYSCLKConfig
                0x0000000008001074                RCC_GetSYSCLKSource
                0x0000000008001090                RCC_HCLKConfig
                0x00000000080010c8                RCC_PCLK1Config
                0x0000000008001100                RCC_PCLK2Config
                0x0000000008001138                RCC_ITConfig
                0x0000000008001184                RCC_USBCLKConfig
                0x00000000080011a0                RCC_ADCCLKConfig
                0x00000000080011d8                RCC_LSEConfig
                0x0000000008001218                RCC_LSICmd
                0x0000000008001238                RCC_RTCCLKConfig
                0x000000000800125c                RCC_RTCCLKCmd
                0x000000000800127c                RCC_GetClocksFreq
                0x00000000080013d4                RCC_AHBPeriphClockCmd
                0x0000000008001410                RCC_APB2PeriphClockCmd
                0x000000000800144c                RCC_APB1PeriphClockCmd
                0x0000000008001488                RCC_APB2PeriphResetCmd
                0x00000000080014c4                RCC_APB1PeriphResetCmd
                0x0000000008001500                RCC_BackupResetCmd
                0x0000000008001520                RCC_ClockSecuritySystemCmd
                0x0000000008001540                RCC_MCOConfig
                0x0000000008001560                RCC_GetFlagStatus
                0x00000000080015d4                RCC_ClearFlag
                0x00000000080015f0                RCC_GetITStatus
                0x0000000008001624                RCC_ClearITPendingBit
 .text          0x0000000008001644     0x15d8 CMakeFiles/stm32f1-printf.exe.dir/lib/src/stm32f10x_tim.c.obj
                0x0000000008001644                TIM_DeInit
                0x00000000080016ac                TIM_TimeBaseInit
                0x00000000080016fa                TIM_OCInit
                0x00000000080018c0                TIM_ICInit
                0x000000000800197a                TIM_TimeBaseStructInit
                0x00000000080019a4                TIM_OCStructInit
                0x00000000080019ce                TIM_ICStructInit
                0x0000000008001a04                TIM_Cmd
                0x0000000008001a44                TIM_ITConfig
                0x0000000008001a8a                TIM_DMAConfig
                0x0000000008001ad0                TIM_DMACmd
                0x0000000008001b1c                TIM_InternalClockConfig
                0x0000000008001b3e                TIM_ITRxExternalClockConfig
                0x0000000008001b6c                TIM_TIxExternalClockConfig
                0x0000000008001bc8                TIM_ETRClockMode1Config
                0x0000000008001c36                TIM_ETRClockMode2Config
                0x0000000008001c74                TIM_ETRConfig
                0x0000000008001cd0                TIM_SelectInputTrigger
                0x0000000008001d0c                TIM_PrescalerConfig
                0x0000000008001d54                TIM_CounterModeConfig
                0x0000000008001d90                TIM_ForcedOC1Config
                0x0000000008001dcc                TIM_ForcedOC2Config
                0x0000000008001e0e                TIM_ForcedOC3Config
                0x0000000008001e4a                TIM_ForcedOC4Config
                0x0000000008001e8c                TIM_ARRPreloadConfig
                0x0000000008001ed0                TIM_SelectCCDMA
                0x0000000008001f12                TIM_OC1PreloadConfig
                0x0000000008001f4e                TIM_OC2PreloadConfig
                0x0000000008001f90                TIM_OC3PreloadConfig
                0x0000000008001fcc                TIM_OC4PreloadConfig
                0x000000000800200e                TIM_OC1FastConfig
                0x000000000800204a                TIM_OC2FastConfig
                0x000000000800208c                TIM_OC3FastConfig
                0x00000000080020c8                TIM_OC4FastConfig
                0x000000000800210a                TIM_ClearOC1Ref
                0x0000000008002146                TIM_ClearOC2Ref
                0x0000000008002186                TIM_ClearOC3Ref
                0x00000000080021c2                TIM_ClearOC4Ref
                0x0000000008002202                TIM_UpdateDisableConfig
                0x0000000008002246                TIM_EncoderInterfaceConfig
                0x00000000080022ec                TIM_GenerateEvent
                0x0000000008002312                TIM_OC1PolarityConfig
                0x000000000800234e                TIM_OC2PolarityConfig
                0x0000000008002390                TIM_OC3PolarityConfig
                0x00000000080023d2                TIM_OC4PolarityConfig
                0x0000000008002414                TIM_UpdateRequestConfig
                0x0000000008002458                TIM_SelectHallSensor
                0x0000000008002496                TIM_SelectOnePulseMode
                0x00000000080024d2                TIM_SelectOutputTrigger
                0x000000000800250c                TIM_SelectSlaveMode
                0x0000000008002548                TIM_SelectMasterSlaveMode
                0x0000000008002584                TIM_SetCounter
                0x00000000080025a0                TIM_SetAutoreload
                0x00000000080025bc                TIM_SetCompare1
                0x00000000080025d8                TIM_SetCompare2
                0x00000000080025f4                TIM_SetCompare3
                0x0000000008002610                TIM_SetCompare4
                0x000000000800262e                TIM_SetIC1Prescaler
                0x000000000800266a                TIM_SetIC2Prescaler
                0x00000000080026ac                TIM_SetIC3Prescaler
                0x00000000080026e8                TIM_SetIC4Prescaler
                0x000000000800272a                TIM_SetClockDivision
                0x0000000008002762                TIM_GetCapture1
                0x000000000800277a                TIM_GetCapture2
                0x0000000008002792                TIM_GetCapture3
                0x00000000080027aa                TIM_GetCapture4
                0x00000000080027c4                TIM_GetCounter
                0x00000000080027dc                TIM_GetPrescaler
                0x00000000080027f4                TIM_GetFlagStatus
                0x000000000800282a                TIM_ClearFlag
                0x0000000008002854                TIM_GetITStatus
                0x00000000080028a6                TIM_ClearITPendingBit
 .text          0x0000000008002c1c      0x7a4 CMakeFiles/stm32f1-printf.exe.dir/lib/src/stm32f10x_usart.c.obj
                0x0000000008002c1c                USART_DeInit
                0x0000000008002c94                USART_Init
                0x0000000008002de0                USART_StructInit
                0x0000000008002e30                USART_Cmd
                0x0000000008002e6e                USART_ITConfig
                0x0000000008002efe                USART_DMACmd
                0x0000000008002f44                USART_SetAddress
                0x0000000008002f7c                USART_WakeUpConfig
                0x0000000008002fb2                USART_ReceiverWakeUpCmd
                0x0000000008002ff0                USART_LINBreakDetectLengthConfig
                0x0000000008003026                USART_LINCmd
                0x0000000008003064                USART_SendData
                0x0000000008003086                USART_ReceiveData
                0x00000000080030a4                USART_SendBreak
                0x00000000080030c6                USART_SetGuardTime
                0x0000000008003100                USART_SetPrescaler
                0x0000000008003138                USART_SmartCardCmd
                0x0000000008003176                USART_SmartCardNACKCmd
                0x00000000080031b4                USART_HalfDuplexCmd
                0x00000000080031f2                USART_IrDAConfig
                0x0000000008003228                USART_IrDACmd
                0x0000000008003266                USART_GetFlagStatus
                0x000000000800329c                USART_ClearFlag
                0x00000000080032c6                USART_GetITStatus
                0x000000000800337a                USART_ClearITPendingBit
 .text          0x00000000080033c0       0x6e CMakeFiles/stm32f1-printf.exe.dir/lib/src/cortexm3_macro.S.obj
                0x00000000080033c0                __WFI
                0x00000000080033c4                __WFE
                0x00000000080033c8                __SEV
                0x00000000080033cc                __ISB
                0x00000000080033d2                __DSB
                0x00000000080033d8                __DMB
                0x00000000080033de                __SVC
                0x00000000080033e2                __MRS_CONTROL
                0x00000000080033e8                __MSR_CONTROL
                0x00000000080033f2                __MRS_PSP
                0x00000000080033f8                __MSR_PSP
                0x00000000080033fe                __MRS_MSP
                0x0000000008003404                __MSR_MSP
                0x000000000800340a                __SETPRIMASK
                0x000000000800340e                __RESETPRIMASK
                0x0000000008003412                __SETFAULTMASK
                0x0000000008003416                __RESETFAULTMASK
                0x000000000800341a                __BASEPRICONFIG
                0x0000000008003420                __GetBASEPRI
                0x0000000008003426                __REV_HalfWord
                0x000000000800342a                __REV_Word
 *fill*         0x000000000800342e        0x2 
 .text          0x0000000008003430       0x70 CMakeFiles/stm32f1-printf.exe.dir/lib/src/stm32f10x_vector.c.obj
                0x0000000008003430                Reset_Handler
 .text          0x00000000080034a0      0x39c CMakeFiles/stm32f1-printf.exe.dir/main.c.obj
                0x00000000080034a0                setup
                0x0000000008003668                loop
                0x00000000080036a4                osa_mdelay
                0x00000000080036fc                delay_us
                0x000000000800374c                print_byte
                0x000000000800377c                Delay
                0x000000000800379c                main
                0x00000000080037aa                RCC_Configuration
                0x0000000008003828                NVIC_Configuration
 .text          0x000000000800383c      0x258 CMakeFiles/stm32f1-printf.exe.dir/stm32f10x_it.c.obj
                0x000000000800383c                NMIException
                0x0000000008003848                HardFaultException
                0x000000000800384e                MemManageException
                0x0000000008003854                BusFaultException
                0x000000000800385a                UsageFaultException
                0x0000000008003860                DebugMonitor
                0x000000000800386c                SVCHandler
                0x0000000008003878                PendSVC
                0x0000000008003884                SysTickHandler
                0x0000000008003890                WWDG_IRQHandler
                0x000000000800389c                PVD_IRQHandler
                0x00000000080038a8                TAMPER_IRQHandler
                0x00000000080038b4                RTC_IRQHandler
                0x00000000080038c0                FLASH_IRQHandler
                0x00000000080038cc                RCC_IRQHandler
                0x00000000080038d8                EXTI0_IRQHandler
                0x00000000080038e4                EXTI1_IRQHandler
                0x00000000080038f0                EXTI2_IRQHandler
                0x00000000080038fc                EXTI3_IRQHandler
                0x0000000008003908                EXTI4_IRQHandler
                0x0000000008003914                DMAChannel1_IRQHandler
                0x0000000008003920                DMAChannel2_IRQHandler
                0x000000000800392c                DMAChannel3_IRQHandler
                0x0000000008003938                DMAChannel4_IRQHandler
                0x0000000008003944                DMAChannel5_IRQHandler
                0x0000000008003950                DMAChannel6_IRQHandler
                0x000000000800395c                DMAChannel7_IRQHandler
                0x0000000008003968                ADC_IRQHandler
                0x0000000008003974                USB_HP_CAN_TX_IRQHandler
                0x0000000008003980                USB_LP_CAN_RX0_IRQHandler
                0x000000000800398c                CAN_RX1_IRQHandler
                0x0000000008003998                CAN_SCE_IRQHandler
                0x00000000080039a4                EXTI9_5_IRQHandler
                0x00000000080039b0                TIM1_BRK_IRQHandler
                0x00000000080039bc                TIM1_UP_IRQHandler
                0x00000000080039c8                TIM1_TRG_COM_IRQHandler
                0x00000000080039d4                TIM1_CC_IRQHandler
                0x00000000080039e0                TIM2_IRQHandler
                0x00000000080039ec                TIM3_IRQHandler
                0x00000000080039f8                TIM4_IRQHandler
                0x0000000008003a04                I2C1_EV_IRQHandler
                0x0000000008003a10                I2C1_ER_IRQHandler
                0x0000000008003a1c                I2C2_EV_IRQHandler
                0x0000000008003a28                I2C2_ER_IRQHandler
                0x0000000008003a34                SPI1_IRQHandler
                0x0000000008003a40                SPI2_IRQHandler
                0x0000000008003a4c                USART1_IRQHandler
                0x0000000008003a58                USART2_IRQHandler
                0x0000000008003a64                USART3_IRQHandler
                0x0000000008003a70                EXTI15_10_IRQHandler
                0x0000000008003a7c                RTCAlarm_IRQHandler
                0x0000000008003a88                USBWakeUp_IRQHandler
 *(.text.*)
 *(.rodata)
 .rodata        0x0000000008003a94       0x14 CMakeFiles/stm32f1-printf.exe.dir/lib/src/stm32f10x_rcc.c.obj
 .rodata        0x0000000008003aa8       0x10 CMakeFiles/stm32f1-printf.exe.dir/lib/src/stm32f10x_tim.c.obj
 *(.rodata*)
 *(.glue_7)
 .glue_7        0x0000000008003ab8        0x0 linker stubs
 *(.glue_7t)
 .glue_7t       0x0000000008003ab8        0x0 linker stubs
                0x0000000008003ab8                . = ALIGN (0x4)
                0x0000000008003ab8                _etext = .
                0x0000000008003ab8                _sidata = _etext

.vfp11_veneer   0x0000000008003ab8        0x0
 .vfp11_veneer  0x0000000008003ab8        0x0 linker stubs

.v4_bx          0x0000000008003ab8        0x0
 .v4_bx         0x0000000008003ab8        0x0 linker stubs

.init           0x0000000008003ab8        0x4
 .init          0x0000000008003ab8        0x4 /usr/lib/gcc/arm-none-eabi/6.3.1/thumb/v7-m/crti.o
                0x0000000008003ab8                _init

.fini           0x0000000008003abc        0x4
 .fini          0x0000000008003abc        0x4 /usr/lib/gcc/arm-none-eabi/6.3.1/thumb/v7-m/crti.o
                0x0000000008003abc                _fini

.iplt           0x0000000008003ac0        0x0
 .iplt          0x0000000008003ac0        0x0 /usr/lib/gcc/arm-none-eabi/6.3.1/thumb/v7-m/crtbegin.o

.rel.dyn        0x0000000008003ac0        0x0
 .rel.iplt      0x0000000008003ac0        0x0 /usr/lib/gcc/arm-none-eabi/6.3.1/thumb/v7-m/crtbegin.o

.data           0x0000000020000000        0x0 load address 0x0000000008003ab8
                0x0000000020000000                . = ALIGN (0x4)
                0x0000000020000000                _sdata = .
 *(.data)
 *(.data.*)
                0x0000000020000000                . = ALIGN (0x4)
                0x0000000020000000                _edata = .

.igot.plt       0x0000000020000000        0x0
 .igot.plt      0x0000000020000000        0x0 /usr/lib/gcc/arm-none-eabi/6.3.1/thumb/v7-m/crtbegin.o

.bss            0x0000000020000000       0x10
                0x0000000020000000                . = ALIGN (0x4)
                0x0000000020000000                _sbss = .
 *(.bss)
 .bss           0x0000000020000000        0x8 CMakeFiles/stm32f1-printf.exe.dir/lib/src/stm32f10x_rcc.c.obj
 *(COMMON)
 COMMON         0x0000000020000008        0x8 CMakeFiles/stm32f1-printf.exe.dir/main.c.obj
                0x0000000020000008                HSEStartUpStatus
                0x000000002000000c                GPIO_InitStructure
                0x0000000020000010                . = ALIGN (0x4)
                0x0000000020000010                _ebss = .
                [!provide]                        PROVIDE (end, _ebss)
                [!provide]                        PROVIDE (_end, _ebss)

._usrstack      0x0000000020000010      0x100
                0x0000000020000010                . = ALIGN (0x4)
                0x0000000020000010                _susrstack = .
                0x0000000020000110                . = (. + _Minimum_Stack_Size)
 *fill*         0x0000000020000010      0x100 
                0x0000000020000110                . = ALIGN (0x4)
                0x0000000020000110                _eusrstack = .

.b1text
 *(.b1text)
 *(.b1rodata)
 *(.b1rodata*)

.eb0text
 *(.eb0text)
 *(.eb0rodata)
 *(.eb0rodata*)

.eb1text
 *(.eb1text)
 *(.eb1rodata)
 *(.eb1rodata*)

.eb2text
 *(.eb2text)
 *(.eb2rodata)
 *(.eb2rodata*)

.eb3text
 *(.eb3text)
 *(.eb3rodata)
 *(.eb3rodata*)
                0x0000000020000110                __exidx_start = .
                0x0000000020000110                __exidx_end = .

/DISCARD/
 libc.a(*)
 libm.a(*)
 libgcc.a(*)

.stab
 *(.stab)

.stabstr
 *(.stabstr)

.stab.excl
 *(.stab.excl)

.stab.exclstr
 *(.stab.exclstr)

.stab.index
 *(.stab.index)

.stab.indexstr
 *(.stab.indexstr)

.comment        0x0000000000000000       0x31
 *(.comment)
 .comment       0x0000000000000000       0x31 CMakeFiles/stm32f1-printf.exe.dir/lib/src/stm32f10x_flash.c.obj
                                         0x32 (size before relaxing)
 .comment       0x0000000000000031       0x32 CMakeFiles/stm32f1-printf.exe.dir/lib/src/stm32f10x_gpio.c.obj
 .comment       0x0000000000000031       0x32 CMakeFiles/stm32f1-printf.exe.dir/lib/src/stm32f10x_nvic.c.obj
 .comment       0x0000000000000031       0x32 CMakeFiles/stm32f1-printf.exe.dir/lib/src/stm32f10x_rcc.c.obj
 .comment       0x0000000000000031       0x32 CMakeFiles/stm32f1-printf.exe.dir/lib/src/stm32f10x_tim.c.obj
 .comment       0x0000000000000031       0x32 CMakeFiles/stm32f1-printf.exe.dir/lib/src/stm32f10x_usart.c.obj
 .comment       0x0000000000000031       0x32 CMakeFiles/stm32f1-printf.exe.dir/lib/src/stm32f10x_vector.c.obj
 .comment       0x0000000000000031       0x32 CMakeFiles/stm32f1-printf.exe.dir/main.c.obj
 .comment       0x0000000000000031       0x32 CMakeFiles/stm32f1-printf.exe.dir/stm32f10x_it.c.obj

.ARM.attributes
                0x0000000000000000       0x29
 .ARM.attributes
                0x0000000000000000       0x1d /usr/lib/gcc/arm-none-eabi/6.3.1/thumb/v7-m/crti.o
 .ARM.attributes
                0x000000000000001d       0x33 CMakeFiles/stm32f1-printf.exe.dir/lib/src/stm32f10x_flash.c.obj
 .ARM.attributes
                0x0000000000000050       0x33 CMakeFiles/stm32f1-printf.exe.dir/lib/src/stm32f10x_gpio.c.obj
 .ARM.attributes
                0x0000000000000083       0x33 CMakeFiles/stm32f1-printf.exe.dir/lib/src/stm32f10x_nvic.c.obj
 .ARM.attributes
                0x00000000000000b6       0x33 CMakeFiles/stm32f1-printf.exe.dir/lib/src/stm32f10x_rcc.c.obj
 .ARM.attributes
                0x00000000000000e9       0x33 CMakeFiles/stm32f1-printf.exe.dir/lib/src/stm32f10x_tim.c.obj
 .ARM.attributes
                0x000000000000011c       0x33 CMakeFiles/stm32f1-printf.exe.dir/lib/src/stm32f10x_usart.c.obj
 .ARM.attributes
                0x000000000000014f       0x21 CMakeFiles/stm32f1-printf.exe.dir/lib/src/cortexm3_macro.S.obj
 .ARM.attributes
                0x0000000000000170       0x33 CMakeFiles/stm32f1-printf.exe.dir/lib/src/stm32f10x_vector.c.obj
 .ARM.attributes
                0x00000000000001a3       0x33 CMakeFiles/stm32f1-printf.exe.dir/main.c.obj
 .ARM.attributes
                0x00000000000001d6       0x33 CMakeFiles/stm32f1-printf.exe.dir/stm32f10x_it.c.obj

.debug
 *(.debug)

.line
 *(.line)

.debug_srcinfo
 *(.debug_srcinfo)

.debug_sfnames
 *(.debug_sfnames)

.debug_aranges  0x0000000000000000      0x120
 *(.debug_aranges)
 .debug_aranges
                0x0000000000000000       0x20 CMakeFiles/stm32f1-printf.exe.dir/lib/src/stm32f10x_flash.c.obj
 .debug_aranges
                0x0000000000000020       0x20 CMakeFiles/stm32f1-printf.exe.dir/lib/src/stm32f10x_gpio.c.obj
 .debug_aranges
                0x0000000000000040       0x20 CMakeFiles/stm32f1-printf.exe.dir/lib/src/stm32f10x_nvic.c.obj
 .debug_aranges
                0x0000000000000060       0x20 CMakeFiles/stm32f1-printf.exe.dir/lib/src/stm32f10x_rcc.c.obj
 .debug_aranges
                0x0000000000000080       0x20 CMakeFiles/stm32f1-printf.exe.dir/lib/src/stm32f10x_tim.c.obj
 .debug_aranges
                0x00000000000000a0       0x20 CMakeFiles/stm32f1-printf.exe.dir/lib/src/stm32f10x_usart.c.obj
 .debug_aranges
                0x00000000000000c0       0x20 CMakeFiles/stm32f1-printf.exe.dir/lib/src/stm32f10x_vector.c.obj
 .debug_aranges
                0x00000000000000e0       0x20 CMakeFiles/stm32f1-printf.exe.dir/main.c.obj
 .debug_aranges
                0x0000000000000100       0x20 CMakeFiles/stm32f1-printf.exe.dir/stm32f10x_it.c.obj

.debug_pubnames
 *(.debug_pubnames)

.debug_info     0x0000000000000000     0x45a9
 *(.debug_info .gnu.linkonce.wi.*)
 .debug_info    0x0000000000000000      0x153 CMakeFiles/stm32f1-printf.exe.dir/lib/src/stm32f10x_flash.c.obj
 .debug_info    0x0000000000000153      0x635 CMakeFiles/stm32f1-printf.exe.dir/lib/src/stm32f10x_gpio.c.obj
 .debug_info    0x0000000000000788      0x88d CMakeFiles/stm32f1-printf.exe.dir/lib/src/stm32f10x_nvic.c.obj
 .debug_info    0x0000000000001015      0x832 CMakeFiles/stm32f1-printf.exe.dir/lib/src/stm32f10x_rcc.c.obj
 .debug_info    0x0000000000001847     0x183e CMakeFiles/stm32f1-printf.exe.dir/lib/src/stm32f10x_tim.c.obj
 .debug_info    0x0000000000003085      0x880 CMakeFiles/stm32f1-printf.exe.dir/lib/src/stm32f10x_usart.c.obj
 .debug_info    0x0000000000003905       0xe3 CMakeFiles/stm32f1-printf.exe.dir/lib/src/stm32f10x_vector.c.obj
 .debug_info    0x00000000000039e8      0x7bd CMakeFiles/stm32f1-printf.exe.dir/main.c.obj
 .debug_info    0x00000000000041a5      0x404 CMakeFiles/stm32f1-printf.exe.dir/stm32f10x_it.c.obj

.debug_abbrev   0x0000000000000000      0xc4e
 *(.debug_abbrev)
 .debug_abbrev  0x0000000000000000       0xaa CMakeFiles/stm32f1-printf.exe.dir/lib/src/stm32f10x_flash.c.obj
 .debug_abbrev  0x00000000000000aa      0x192 CMakeFiles/stm32f1-printf.exe.dir/lib/src/stm32f10x_gpio.c.obj
 .debug_abbrev  0x000000000000023c      0x240 CMakeFiles/stm32f1-printf.exe.dir/lib/src/stm32f10x_nvic.c.obj
 .debug_abbrev  0x000000000000047c      0x1d4 CMakeFiles/stm32f1-printf.exe.dir/lib/src/stm32f10x_rcc.c.obj
 .debug_abbrev  0x0000000000000650      0x1d2 CMakeFiles/stm32f1-printf.exe.dir/lib/src/stm32f10x_tim.c.obj
 .debug_abbrev  0x0000000000000822      0x17a CMakeFiles/stm32f1-printf.exe.dir/lib/src/stm32f10x_usart.c.obj
 .debug_abbrev  0x000000000000099c       0xa0 CMakeFiles/stm32f1-printf.exe.dir/lib/src/stm32f10x_vector.c.obj
 .debug_abbrev  0x0000000000000a3c      0x1ba CMakeFiles/stm32f1-printf.exe.dir/main.c.obj
 .debug_abbrev  0x0000000000000bf6       0x58 CMakeFiles/stm32f1-printf.exe.dir/stm32f10x_it.c.obj

.debug_line     0x0000000000000000     0x10fa
 *(.debug_line)
 .debug_line    0x0000000000000000       0xf0 CMakeFiles/stm32f1-printf.exe.dir/lib/src/stm32f10x_flash.c.obj
 .debug_line    0x00000000000000f0      0x1ce CMakeFiles/stm32f1-printf.exe.dir/lib/src/stm32f10x_gpio.c.obj
 .debug_line    0x00000000000002be      0x21b CMakeFiles/stm32f1-printf.exe.dir/lib/src/stm32f10x_nvic.c.obj
 .debug_line    0x00000000000004d9      0x22d CMakeFiles/stm32f1-printf.exe.dir/lib/src/stm32f10x_rcc.c.obj
 .debug_line    0x0000000000000706      0x3f4 CMakeFiles/stm32f1-printf.exe.dir/lib/src/stm32f10x_tim.c.obj
 .debug_line    0x0000000000000afa      0x206 CMakeFiles/stm32f1-printf.exe.dir/lib/src/stm32f10x_usart.c.obj
 .debug_line    0x0000000000000d00       0x90 CMakeFiles/stm32f1-printf.exe.dir/lib/src/stm32f10x_vector.c.obj
 .debug_line    0x0000000000000d90      0x21b CMakeFiles/stm32f1-printf.exe.dir/main.c.obj
 .debug_line    0x0000000000000fab      0x14f CMakeFiles/stm32f1-printf.exe.dir/stm32f10x_it.c.obj

.debug_frame    0x0000000000000000     0x2450
 *(.debug_frame)
 .debug_frame   0x0000000000000000       0x88 CMakeFiles/stm32f1-printf.exe.dir/lib/src/stm32f10x_flash.c.obj
 .debug_frame   0x0000000000000088      0x2a8 CMakeFiles/stm32f1-printf.exe.dir/lib/src/stm32f10x_gpio.c.obj
 .debug_frame   0x0000000000000330      0x458 CMakeFiles/stm32f1-printf.exe.dir/lib/src/stm32f10x_nvic.c.obj
 .debug_frame   0x0000000000000788      0x4ec CMakeFiles/stm32f1-printf.exe.dir/lib/src/stm32f10x_rcc.c.obj
 .debug_frame   0x0000000000000c74      0xbfc CMakeFiles/stm32f1-printf.exe.dir/lib/src/stm32f10x_tim.c.obj
 .debug_frame   0x0000000000001870      0x3f0 CMakeFiles/stm32f1-printf.exe.dir/lib/src/stm32f10x_usart.c.obj
 .debug_frame   0x0000000000001c60       0x40 CMakeFiles/stm32f1-printf.exe.dir/lib/src/stm32f10x_vector.c.obj
 .debug_frame   0x0000000000001ca0      0x140 CMakeFiles/stm32f1-printf.exe.dir/main.c.obj
 .debug_frame   0x0000000000001de0      0x670 CMakeFiles/stm32f1-printf.exe.dir/stm32f10x_it.c.obj

.debug_str      0x0000000000000000     0x225a
 *(.debug_str)
 .debug_str     0x0000000000000000      0x165 CMakeFiles/stm32f1-printf.exe.dir/lib/src/stm32f10x_flash.c.obj
                                        0x191 (size before relaxing)
 .debug_str     0x0000000000000165      0x384 CMakeFiles/stm32f1-printf.exe.dir/lib/src/stm32f10x_gpio.c.obj
                                        0x423 (size before relaxing)
 .debug_str     0x00000000000004e9      0x541 CMakeFiles/stm32f1-printf.exe.dir/lib/src/stm32f10x_nvic.c.obj
                                        0x63b (size before relaxing)
 .debug_str     0x0000000000000a2a      0x467 CMakeFiles/stm32f1-printf.exe.dir/lib/src/stm32f10x_rcc.c.obj
                                        0x56d (size before relaxing)
 .debug_str     0x0000000000000e91      0xa15 CMakeFiles/stm32f1-printf.exe.dir/lib/src/stm32f10x_tim.c.obj
                                        0xb8d (size before relaxing)
 .debug_str     0x00000000000018a6      0x3af CMakeFiles/stm32f1-printf.exe.dir/lib/src/stm32f10x_usart.c.obj
                                        0x55d (size before relaxing)
 .debug_str     0x0000000000001c55       0xaa CMakeFiles/stm32f1-printf.exe.dir/lib/src/stm32f10x_vector.c.obj
                                        0x104 (size before relaxing)
 .debug_str     0x0000000000001cff      0x15d CMakeFiles/stm32f1-printf.exe.dir/main.c.obj
                                        0x5b0 (size before relaxing)
 .debug_str     0x0000000000001e5c      0x3fe CMakeFiles/stm32f1-printf.exe.dir/stm32f10x_it.c.obj
                                        0x4ca (size before relaxing)

.debug_loc
 *(.debug_loc)

.debug_macinfo
 *(.debug_macinfo)

.debug_weaknames
 *(.debug_weaknames)

.debug_funcnames
 *(.debug_funcnames)

.debug_typenames
 *(.debug_typenames)

.debug_varnames
 *(.debug_varnames)
OUTPUT(stm32f1-printf.exe elf32-littlearm)
